ARM Linker, 5.03 [Build 76] [MDK-ARM Standard]

==============================================================================

Section Cross References

    startup_stm32f105xc.o(RESET) refers to startup_stm32f105xc.o(STACK) for __initial_sp
    startup_stm32f105xc.o(RESET) refers to startup_stm32f105xc.o(.text) for Reset_Handler
    startup_stm32f105xc.o(RESET) refers to stm32f1xx_it.o(i.NMI_Handler) for NMI_Handler
    startup_stm32f105xc.o(RESET) refers to stm32f1xx_it.o(i.HardFault_Handler) for HardFault_Handler
    startup_stm32f105xc.o(RESET) refers to stm32f1xx_it.o(i.MemManage_Handler) for MemManage_Handler
    startup_stm32f105xc.o(RESET) refers to stm32f1xx_it.o(i.BusFault_Handler) for BusFault_Handler
    startup_stm32f105xc.o(RESET) refers to stm32f1xx_it.o(i.UsageFault_Handler) for UsageFault_Handler
    startup_stm32f105xc.o(RESET) refers to port.o(.emb_text) for SVC_Handler
    startup_stm32f105xc.o(RESET) refers to stm32f1xx_it.o(i.DebugMon_Handler) for DebugMon_Handler
    startup_stm32f105xc.o(RESET) refers to stm32f1xx_it.o(i.SysTick_Handler) for SysTick_Handler
    startup_stm32f105xc.o(RESET) refers to stm32f1xx_it.o(i.UART4_IRQHandler) for UART4_IRQHandler
    startup_stm32f105xc.o(RESET) refers to stm32f1xx_it.o(i.UART5_IRQHandler) for UART5_IRQHandler
    startup_stm32f105xc.o(RESET) refers to stm32f1xx_it.o(i.TIM6_IRQHandler) for TIM6_IRQHandler
    startup_stm32f105xc.o(.text) refers to system_stm32f1xx.o(i.SystemInit) for SystemInit
    startup_stm32f105xc.o(.text) refers to entry.o(.ARM.Collect$$$$00000000) for __main
    main.o(i.SystemClock_Config) refers to stm32f1xx_hal_rcc.o(i.HAL_RCC_OscConfig) for HAL_RCC_OscConfig
    main.o(i.SystemClock_Config) refers to main.o(i._Error_Handler) for _Error_Handler
    main.o(i.SystemClock_Config) refers to stm32f1xx_hal_rcc.o(i.HAL_RCC_ClockConfig) for HAL_RCC_ClockConfig
    main.o(i.SystemClock_Config) refers to stm32f1xx_hal_rcc.o(i.HAL_RCC_GetHCLKFreq) for HAL_RCC_GetHCLKFreq
    main.o(i.SystemClock_Config) refers to stm32f1xx_hal_cortex.o(i.HAL_SYSTICK_Config) for HAL_SYSTICK_Config
    main.o(i.SystemClock_Config) refers to stm32f1xx_hal_cortex.o(i.HAL_SYSTICK_CLKSourceConfig) for HAL_SYSTICK_CLKSourceConfig
    main.o(i.SystemClock_Config) refers to stm32f1xx_hal_cortex.o(i.HAL_NVIC_SetPriority) for HAL_NVIC_SetPriority
    main.o(i.main) refers to stm32f1xx_hal.o(i.HAL_Init) for HAL_Init
    main.o(i.main) refers to main.o(i.SystemClock_Config) for SystemClock_Config
    main.o(i.main) refers to gpio.o(i.MX_GPIO_Init) for MX_GPIO_Init
    main.o(i.main) refers to can.o(i.MX_CAN1_Init) for MX_CAN1_Init
    main.o(i.main) refers to usart.o(i.MX_UART4_Init) for MX_UART4_Init
    main.o(i.main) refers to usart.o(i.MX_UART5_Init) for MX_UART5_Init
    main.o(i.main) refers to tim.o(i.MX_TIM6_Init) for MX_TIM6_Init
    main.o(i.main) refers to freertos.o(i.MX_FREERTOS_Init) for MX_FREERTOS_Init
    main.o(i.main) refers to cmsis_os.o(i.osKernelStart) for osKernelStart
    gpio.o(i.MX_GPIO_Init) refers to stm32f1xx_hal_gpio.o(i.HAL_GPIO_WritePin) for HAL_GPIO_WritePin
    gpio.o(i.MX_GPIO_Init) refers to stm32f1xx_hal_gpio.o(i.HAL_GPIO_Init) for HAL_GPIO_Init
    can.o(i.HAL_CAN_MspDeInit) refers to stm32f1xx_hal_gpio.o(i.HAL_GPIO_DeInit) for HAL_GPIO_DeInit
    can.o(i.HAL_CAN_MspInit) refers to stm32f1xx_hal_gpio.o(i.HAL_GPIO_Init) for HAL_GPIO_Init
    can.o(i.MX_CAN1_Init) refers to stm32f1xx_hal_can.o(i.HAL_CAN_Init) for HAL_CAN_Init
    can.o(i.MX_CAN1_Init) refers to main.o(i._Error_Handler) for _Error_Handler
    can.o(i.MX_CAN1_Init) refers to can.o(.bss) for hcan1
    freertos.o(i.DbgUartTask) refers to cmsis_os.o(i.osDelay) for osDelay
    freertos.o(i.GenericUartTask) refers to cmsis_os.o(i.osDelay) for osDelay
    freertos.o(i.MX_FREERTOS_Init) refers to memcpya.o(.text) for __aeabi_memcpy4
    freertos.o(i.MX_FREERTOS_Init) refers to cmsis_os.o(i.osThreadCreate) for osThreadCreate
    freertos.o(i.MX_FREERTOS_Init) refers to freertos.o(.constdata) for .constdata
    freertos.o(i.MX_FREERTOS_Init) refers to freertos.o(.data) for defaultTaskHandle
    freertos.o(i.StartDefaultTask) refers to cmsis_os.o(i.osDelay) for osDelay
    freertos.o(i.vApplicationGetIdleTaskMemory) refers to freertos.o(.bss) for xIdleTaskTCBBuffer
    freertos.o(i.vApplicationGetTimerTaskMemory) refers to freertos.o(.bss) for xTimerTaskTCBBuffer
    freertos.o(.constdata) refers to freertos.o(.conststring) for .conststring
    freertos.o(.constdata) refers to freertos.o(i.StartDefaultTask) for StartDefaultTask
    freertos.o(.constdata) refers to freertos.o(.bss) for defaultTaskBuffer
    freertos.o(.constdata) refers to generic_uart.o(i.GenericUartTask) for GenericUartTask
    freertos.o(.constdata) refers to dbg_uart.o(i.DbgUartTask) for DbgUartTask
    tim.o(i.HAL_TIM_Base_MspDeInit) refers to stm32f1xx_hal_cortex.o(i.HAL_NVIC_DisableIRQ) for HAL_NVIC_DisableIRQ
[...]
    i.ProtUart_MasterSetResp                 0x08002e6a   Section        0  protocol_uart.o(i.ProtUart_MasterSetResp)
    i.RCC_Delay                              0x08002e78   Section        0  stm32f1xx_hal_rcc.o(i.RCC_Delay)
    RCC_Delay                                0x08002e79   Thumb Code    36  stm32f1xx_hal_rcc.o(i.RCC_Delay)
    i.StartDefaultTask                       0x08002ea0   Section        0  freertos.o(i.StartDefaultTask)
    i.SysTick_Handler                        0x08002eaa   Section        0  stm32f1xx_it.o(i.SysTick_Handler)
    i.SystemClock_Config                     0x08002eb8   Section        0  main.o(i.SystemClock_Config)
    i.SystemInit                             0x08002f5c   Section        0  system_stm32f1xx.o(i.SystemInit)
    i.TIM6_IRQHandler                        0x08002fc0   Section        0  stm32f1xx_it.o(i.TIM6_IRQHandler)
    i.TIM_Base_SetConfig                     0x08002fd0   Section        0  stm32f1xx_hal_tim.o(i.TIM_Base_SetConfig)
    i.UART4_IRQHandler                       0x08003054   Section        0  stm32f1xx_it.o(i.UART4_IRQHandler)
    i.UART5_IRQHandler                       0x08003064   Section        0  stm32f1xx_it.o(i.UART5_IRQHandler)
    i.UART_DMAAbortOnError                   0x08003074   Section        0  stm32f1xx_hal_uart.o(i.UART_DMAAbortOnError)
    UART_DMAAbortOnError                     0x08003075   Thumb Code    20  stm32f1xx_hal_uart.o(i.UART_DMAAbortOnError)
    i.UART_EndRxTransfer                     0x08003088   Section        0  stm32f1xx_hal_uart.o(i.UART_EndRxTransfer)
    UART_EndRxTransfer                       0x08003089   Thumb Code    32  stm32f1xx_hal_uart.o(i.UART_EndRxTransfer)
    i.UART_EndTransmit_IT                    0x080030a8   Section        0  stm32f1xx_hal_uart.o(i.UART_EndTransmit_IT)
    UART_EndTransmit_IT                      0x080030a9   Thumb Code    32  stm32f1xx_hal_uart.o(i.UART_EndTransmit_IT)
    i.UART_Receive_IT                        0x080030c8   Section        0  stm32f1xx_hal_uart.o(i.UART_Receive_IT)
    UART_Receive_IT                          0x080030c9   Thumb Code   168  stm32f1xx_hal_uart.o(i.UART_Receive_IT)
    i.UART_SetConfig                         0x08003170   Section        0  stm32f1xx_hal_uart.o(i.UART_SetConfig)
    UART_SetConfig                           0x08003171   Thumb Code   450  stm32f1xx_hal_uart.o(i.UART_SetConfig)
    i.UART_Transmit_IT                       0x08003338   Section        0  stm32f1xx_hal_uart.o(i.UART_Transmit_IT)
    UART_Transmit_IT                         0x08003339   Thumb Code   106  stm32f1xx_hal_uart.o(i.UART_Transmit_IT)
    i.UsageFault_Handler                     0x080033a2   Section        0  stm32f1xx_it.o(i.UsageFault_Handler)
    i._Error_Handler                         0x080033a6   Section        0  main.o(i._Error_Handler)
    i.__0printf                              0x080033ac   Section        0  printfa.o(i.__0printf)
    i.__0sprintf                             0x080033cc   Section        0  printfa.o(i.__0sprintf)
    i.__0vsnprintf                           0x080033f4   Section        0  printfa.o(i.__0vsnprintf)
    i.__scatterload_copy                     0x08003418   Section       14  handlers.o(i.__scatterload_copy)
    i.__scatterload_null                     0x08003426   Section        2  handlers.o(i.__scatterload_null)
    i.__scatterload_zeroinit                 0x08003428   Section       14  handlers.o(i.__scatterload_zeroinit)
    i._fp_digits                             0x08003438   Section        0  printfa.o(i._fp_digits)
    _fp_digits                               0x08003439   Thumb Code   326  printfa.o(i._fp_digits)
    i._printf_core                           0x08003594   Section        0  printfa.o(i._printf_core)
    _printf_core                             0x08003595   Thumb Code  1762  printfa.o(i._printf_core)
    i._printf_post_padding                   0x08003c84   Section        0  printfa.o(i._printf_post_padding)
    _printf_post_padding                     0x08003c85   Thumb Code    38  printfa.o(i._printf_post_padding)
    i._printf_pre_padding                    0x08003caa   Section        0  printfa.o(i._printf_pre_padding)
    _printf_pre_padding                      0x08003cab   Thumb Code    48  printfa.o(i._printf_pre_padding)
    i._snputc                                0x08003cda   Section        0  printfa.o(i._snputc)
    _snputc                                  0x08003cdb   Thumb Code    22  printfa.o(i._snputc)
    i._sputc                                 0x08003cf0   Section        0  printfa.o(i._sputc)
    _sputc                                   0x08003cf1   Thumb Code    10  printfa.o(i._sputc)
    i.custom_command_hdlr                    0x08003cfc   Section        0  atcmd.o(i.custom_command_hdlr)
    custom_command_hdlr                      0x08003cfd   Thumb Code    18  atcmd.o(i.custom_command_hdlr)
    i.fputc                                  0x08003d14   Section        0  dbg.o(i.fputc)
    i.getDecimalValue                        0x08003d30   Section        0  atcmd.o(i.getDecimalValue)
    i.getExtendedOperation                   0x08003d6e   Section        0  atcmd.o(i.getExtendedOperation)
    i.getExtendedParameter                   0x08003dc4   Section        0  atcmd.o(i.getExtendedParameter)
    i.getExtendedString                      0x08003e48   Section        0  atcmd.o(i.getExtendedString)
    i.hex_to_value                           0x08003f74   Section        0  atcmd.o(i.hex_to_value)
    i.isAsciiCode                            0x08003fb2   Section        0  atcmd.o(i.isAsciiCode)
    isAsciiCode                              0x08003fb3   Thumb Code    24  atcmd.o(i.isAsciiCode)
    i.main                                   0x08003fca   Section        0  main.o(i.main)
    i.makeFreeRtosPriority                   0x08003ff2   Section        0  cmsis_os.o(i.makeFreeRtosPriority)
    makeFreeRtosPriority                     0x08003ff3   Thumb Code    14  cmsis_os.o(i.makeFreeRtosPriority)
    i.osDelay                                0x08004000   Section        0  cmsis_os.o(i.osDelay)
    i.osKernelStart                          0x08004018   Section        0  cmsis_os.o(i.osKernelStart)
    i.osSystickHandler                       0x08004022   Section        0  cmsis_os.o(i.osSystickHandler)
    i.osThreadCreate                         0x08004032   Section        0  cmsis_os.o(i.osThreadCreate)
    i.parseCommandBuffer                     0x08004090   Section        0  atcmd.o(i.parseCommandBuffer)
    i.prase_atcmd                            0x0800412c   Section        0  atcmd.o(i.prase_atcmd)
    i.prvAddCurrentTaskToDelayedList         0x0800415c   Section        0  tasks.o(i.prvAddCurrentTaskToDelayedList)
    prvAddCurrentTaskToDelayedList           0x0800415d   Thumb Code   124  tasks.o(i.prvAddCurrentTaskToDelayedList)
    i.prvAddNewTaskToReadyList               0x080041f4   Section        0  tasks.o(i.prvAddNewTaskToReadyList)
    prvAddNewTaskToReadyList                 0x080041f5   Thumb Code   150  tasks.o(i.prvAddNewTaskToReadyList)
    i.prvCheckForValidListAndQueue           0x080042a8   Section        0  timers.o(i.prvCheckForValidListAndQueue)
    prvCheckForValidListAndQueue             0x080042a9   Thumb Code    78  timers.o(i.prvCheckForValidListAndQueue)
    i.prvCheckTasksWaitingTermination        0x0800431c   Section        0  tasks.o(i.prvCheckTasksWaitingTermination)
    prvCheckTasksWaitingTermination          0x0800431d   Thumb Code    86  tasks.o(i.prvCheckTasksWaitingTermination)
    i.prvCopyDataFromQueue                   0x08004380   Section        0  queue.o(i.prvCopyDataFromQueue)
    prvCopyDataFromQueue                     0x08004381   Thumb Code    42  queue.o(i.prvCopyDataFromQueue)
    i.prvCopyDataToQueue                     0x080043aa   Section        0  queue.o(i.prvCopyDataToQueue)
    prvCopyDataToQueue                       0x080043ab   Thumb Code   124  queue.o(i.prvCopyDataToQueue)
    i.prvDeleteTCB                           0x08004426   Section        0  tasks.o(i.prvDeleteTCB)
    prvDeleteTCB                             0x08004427   Thumb Code    80  tasks.o(i.prvDeleteTCB)
    i.prvGetNextExpireTime                   0x08004478   Section        0  timers.o(i.prvGetNextExpireTime)
    prvGetNextExpireTime                     0x08004479   Thumb Code    36  timers.o(i.prvGetNextExpireTime)
    i.prvIdleTask                            0x080044a0   Section        0  tasks.o(i.prvIdleTask)
    prvIdleTask                              0x080044a1   Thumb Code    32  tasks.o(i.prvIdleTask)
    i.prvInitialiseNewQueue                  0x080044c8   Section        0  queue.o(i.prvInitialiseNewQueue)
    prvInitialiseNewQueue                    0x080044c9   Thumb Code    38  queue.o(i.prvInitialiseNewQueue)
    i.prvInitialiseNewTask                   0x080044ee   Section        0  tasks.o(i.prvInitialiseNewTask)
    prvInitialiseNewTask                     0x080044ef   Thumb Code   170  tasks.o(i.prvInitialiseNewTask)
    i.prvInitialiseNewTimer                  0x08004598   Section        0  timers.o(i.prvInitialiseNewTimer)
    prvInitialiseNewTimer                    0x08004599   Thumb Code    78  timers.o(i.prvInitialiseNewTimer)
    i.prvInitialiseTaskLists                 0x080045e8   Section        0  tasks.o(i.prvInitialiseTaskLists)
    prvInitialiseTaskLists                   0x080045e9   Thumb Code    70  tasks.o(i.prvInitialiseTaskLists)
    i.prvInsertTimerInActiveList             0x08004650   Section        0  timers.o(i.prvInsertTimerInActiveList)
    prvInsertTimerInActiveList               0x08004651   Thumb Code    80  timers.o(i.prvInsertTimerInActiveList)
    i.prvIsQueueEmpty                        0x080046a8   Section        0  queue.o(i.prvIsQueueEmpty)
    prvIsQueueEmpty                          0x080046a9   Thumb Code    26  queue.o(i.prvIsQueueEmpty)
    i.prvIsQueueFull                         0x080046c2   Section        0  queue.o(i.prvIsQueueFull)
    prvIsQueueFull                           0x080046c3   Thumb Code    30  queue.o(i.prvIsQueueFull)
    i.prvProcessExpiredTimer                 0x080046e0   Section        0  timers.o(i.prvProcessExpiredTimer)
    prvProcessExpiredTimer                   0x080046e1   Thumb Code    94  timers.o(i.prvProcessExpiredTimer)
    i.prvProcessReceivedCommands             0x08004744   Section        0  timers.o(i.prvProcessReceivedCommands)
    prvProcessReceivedCommands               0x08004745   Thumb Code   248  timers.o(i.prvProcessReceivedCommands)
    i.prvProcessTimerOrBlockTask             0x08004840   Section        0  timers.o(i.prvProcessTimerOrBlockTask)
    prvProcessTimerOrBlockTask               0x08004841   Thumb Code   102  timers.o(i.prvProcessTimerOrBlockTask)
    i.prvResetNextTaskUnblockTime            0x080048b4   Section        0  tasks.o(i.prvResetNextTaskUnblockTime)
    prvResetNextTaskUnblockTime              0x080048b5   Thumb Code    42  tasks.o(i.prvResetNextTaskUnblockTime)
    i.prvSampleTimeNow                       0x080048e8   Section        0  timers.o(i.prvSampleTimeNow)
    prvSampleTimeNow                         0x080048e9   Thumb Code    40  timers.o(i.prvSampleTimeNow)
    i.prvSwitchTimerLists                    0x08004914   Section        0  timers.o(i.prvSwitchTimerLists)
    prvSwitchTimerLists                      0x08004915   Thumb Code   150  timers.o(i.prvSwitchTimerLists)
    i.prvTaskExitError                       0x080049b4   Section        0  port.o(i.prvTaskExitError)
    prvTaskExitError                         0x080049b5   Thumb Code    60  port.o(i.prvTaskExitError)
    i.prvTimerTask                           0x080049f4   Section        0  timers.o(i.prvTimerTask)
    prvTimerTask                             0x080049f5   Thumb Code    26  timers.o(i.prvTimerTask)
    i.prvUnlockQueue                         0x08004a0e   Section        0  queue.o(i.prvUnlockQueue)
    prvUnlockQueue                           0x08004a0f   Thumb Code   126  queue.o(i.prvUnlockQueue)
    i.pvPortMalloc                           0x08004a8c   Section        0  heap_1.o(i.pvPortMalloc)
    i.pvTaskIncrementMutexHeldCount          0x08004afc   Section        0  tasks.o(i.pvTaskIncrementMutexHeldCount)
    i.pxPortInitialiseStack                  0x08004b1c   Section        0  port.o(i.pxPortInitialiseStack)
    i.uxListRemove                           0x08004b40   Section        0  list.o(i.uxListRemove)
    i.vApplicationGetIdleTaskMemory          0x08004b68   Section        0  freertos.o(i.vApplicationGetIdleTaskMemory)
    i.vApplicationGetTimerTaskMemory         0x08004b80   Section        0  freertos.o(i.vApplicationGetTimerTaskMemory)
    i.vListInitialise                        0x08004b98   Section        0  list.o(i.vListInitialise)
    i.vListInitialiseItem                    0x08004bb2   Section        0  list.o(i.vListInitialiseItem)
    i.vListInsert                            0x08004bb8   Section        0  list.o(i.vListInsert)
    i.vListInsertEnd                         0x08004bec   Section        0  list.o(i.vListInsertEnd)
    i.vPortEnterCritical                     0x08004c04   Section        0  port.o(i.vPortEnterCritical)
    i.vPortExitCritical                      0x08004c5c   Section        0  port.o(i.vPortExitCritical)
    i.vPortFree                              0x08004c98   Section        0  heap_1.o(i.vPortFree)
    i.vPortSetupTimerInterrupt               0x08004cbc   Section        0  port.o(i.vPortSetupTimerInterrupt)
    i.vPortValidateInterruptPriority         0x08004cdc   Section        0  port.o(i.vPortValidateInterruptPriority)
    i.vQueueAddToRegistry                    0x08004d54   Section        0  queue.o(i.vQueueAddToRegistry)
    i.vQueueDelete                           0x08004d80   Section        0  queue.o(i.vQueueDelete)
    i.vQueueUnregisterQueue                  0x08004db4   Section        0  queue.o(i.vQueueUnregisterQueue)
    i.vQueueWaitForMessageRestricted         0x08004de4   Section        0  queue.o(i.vQueueWaitForMessageRestricted)
    i.vTaskDelay                             0x08004e2c   Section        0  tasks.o(i.vTaskDelay)
    i.vTaskMissedYield                       0x08004e88   Section        0  tasks.o(i.vTaskMissedYield)
    i.vTaskPlaceOnEventList                  0x08004e94   Section        0  tasks.o(i.vTaskPlaceOnEventList)
    i.vTaskPlaceOnEventListRestricted        0x08004ecc   Section        0  tasks.o(i.vTaskPlaceOnEventListRestricted)
    i.vTaskPriorityInherit                   0x08004f0c   Section        0  tasks.o(i.vTaskPriorityInherit)
    i.vTaskSetTimeOutState                   0x08004fbc   Section        0  tasks.o(i.vTaskSetTimeOutState)
    i.vTaskStartScheduler                    0x08004fec   Section        0  tasks.o(i.vTaskStartScheduler)
    i.vTaskSuspendAll                        0x080050a4   Section        0  tasks.o(i.vTaskSuspendAll)
    i.vTaskSwitchContext                     0x080050b4   Section        0  tasks.o(i.vTaskSwitchContext)
    i.vgLogCfg                               0x08005140   Section        0  atcmd_customer.o(i.vgLogCfg)
    i.vgMcuCtl                               0x0800522c   Section        0  atcmd_customer.o(i.vgMcuCtl)
    i.xPortStartScheduler                    0x080053a4   Section        0  port.o(i.xPortStartScheduler)
    i.xPortSysTickHandler                    0x08005444   Section        0  port.o(i.xPortSysTickHandler)
    i.xQueueGenericCreate                    0x08005478   Section        0  queue.o(i.xQueueGenericCreate)
    i.xQueueGenericCreateStatic              0x080054d6   Section        0  queue.o(i.xQueueGenericCreateStatic)
    i.xQueueGenericReceive                   0x080055b4   Section        0  queue.o(i.xQueueGenericReceive)
    i.xQueueGenericReset                     0x08005774   Section        0  queue.o(i.xQueueGenericReset)
    i.xQueueGenericSend                      0x0800580c   Section        0  queue.o(i.xQueueGenericSend)
    i.xQueueGenericSendFromISR               0x080059b0   Section        0  queue.o(i.xQueueGenericSendFromISR)
    i.xQueueGiveFromISR                      0x08005aa8   Section        0  queue.o(i.xQueueGiveFromISR)
    i.xTaskCheckForTimeOut                   0x08005b88   Section        0  tasks.o(i.xTaskCheckForTimeOut)
    i.xTaskCreate                            0x08005c14   Section        0  tasks.o(i.xTaskCreate)
    i.xTaskCreateStatic                      0x08005c78   Section        0  tasks.o(i.xTaskCreateStatic)
    i.xTaskGetSchedulerState                 0x08005d08   Section        0  tasks.o(i.xTaskGetSchedulerState)
    i.xTaskGetTickCount                      0x08005d28   Section        0  tasks.o(i.xTaskGetTickCount)
    i.xTaskGetTickCountFromISR               0x08005d34   Section        0  tasks.o(i.xTaskGetTickCountFromISR)
    i.xTaskIncrementTick                     0x08005d48   Section        0  tasks.o(i.xTaskIncrementTick)
    i.xTaskPriorityDisinherit                0x08005e90   Section        0  tasks.o(i.xTaskPriorityDisinherit)
    i.xTaskRemoveFromEventList               0x08005f58   Section        0  tasks.o(i.xTaskRemoveFromEventList)
    i.xTaskResumeAll                         0x08005ff0   Section        0  tasks.o(i.xTaskResumeAll)
    i.xTimerCreate                           0x080060f4   Section        0  timers.o(i.xTimerCreate)
    i.xTimerCreateTimerTask                  0x0800612c   Section        0  timers.o(i.xTimerCreateTimerTask)
    i.xTimerGenericCommand                   0x080061a4   Section        0  timers.o(i.xTimerGenericCommand)
    .constdata                               0x08006228   Section       84  freertos.o(.constdata)
    .constdata                               0x0800627c   Section       24  system_stm32f1xx.o(.constdata)
    .constdata                               0x08006294   Section      512  crc.o(.constdata)
    aucCRCHi                                 0x08006294   Data         256  crc.o(.constdata)
    aucCRCLo                                 0x08006394   Data         256  crc.o(.constdata)
    .constdata                               0x08006494   Section       24  atcmd.o(.constdata)
    .constdata                               0x080064ac   Section      272  dbg.o(.constdata)
    dbg_module_table                         0x080064ac   Data         272  dbg.o(.constdata)
    .constdata                               0x080065bc   Section      129  ctype_o.o(.constdata)
    .constdata                               0x08006640   Section        4  ctype_o.o(.constdata)
    table                                    0x08006640   Data           4  ctype_o.o(.constdata)
    .conststring                             0x08006644   Section       32  freertos.o(.conststring)
    .conststring                             0x08006664   Section       16  atcmd.o(.conststring)
    .conststring                             0x08006674   Section       38  dbg.o(.conststring)
    .data                                    0x20000000   Section       12  freertos.o(.data)
    .data                                    0x2000000c   Section       12  stm32f1xx_hal.o(.data)
    .data                                    0x20000018   Section        4  system_stm32f1xx.o(.data)
    .data                                    0x2000001c   Section        6  protocol_uart.o(.data)
    FrameExtraState                          0x2000001c   Data           1  protocol_uart.o(.data)
    FrameExtraPosi                           0x2000001e   Data           2  protocol_uart.o(.data)
    FrameExtraLen                            0x20000020   Data           2  protocol_uart.o(.data)
    .data                                    0x20000024   Section        8  heap_1.o(.data)
    xNextFreeByte                            0x20000024   Data           4  heap_1.o(.data)
    pucAlignedHeap                           0x20000028   Data           4  heap_1.o(.data)
    .data                                    0x2000002c   Section       12  port.o(.data)
    uxCriticalNesting                        0x2000002c   Data           4  port.o(.data)
    ucMaxSysCallPriority                     0x20000030   Data           1  port.o(.data)
    ulMaxPRIGROUPValue                       0x20000034   Data           4  port.o(.data)
    .data                                    0x20000038   Section       60  tasks.o(.data)
    uxDeletedTasksWaitingCleanUp             0x2000003c   Data           4  tasks.o(.data)
    uxCurrentNumberOfTasks                   0x20000040   Data           4  tasks.o(.data)
    xTickCount                               0x20000044   Data           4  tasks.o(.data)
    uxTopReadyPriority                       0x20000048   Data           4  tasks.o(.data)
    xSchedulerRunning                        0x2000004c   Data           4  tasks.o(.data)
    uxPendedTicks                            0x20000050   Data           4  tasks.o(.data)
    xYieldPending                            0x20000054   Data           4  tasks.o(.data)
    xNumOfOverflows                          0x20000058   Data           4  tasks.o(.data)
    uxTaskNumber                             0x2000005c   Data           4  tasks.o(.data)
    xNextTaskUnblockTime                     0x20000060   Data           4  tasks.o(.data)
    xIdleTaskHandle                          0x20000064   Data           4  tasks.o(.data)
    uxSchedulerSuspended                     0x20000068   Data           4  tasks.o(.data)
    pxDelayedTaskList                        0x2000006c   Data           4  tasks.o(.data)
    pxOverflowDelayedTaskList                0x20000070   Data           4  tasks.o(.data)
    .data                                    0x20000074   Section       20  timers.o(.data)
    xTimerQueue                              0x20000074   Data           4  timers.o(.data)
    xTimerTaskHandle                         0x20000078   Data           4  timers.o(.data)
    xLastTime                                0x2000007c   Data           4  timers.o(.data)
    pxCurrentTimerList                       0x20000080   Data           4  timers.o(.data)
    pxOverflowTimerList                      0x20000084   Data           4  timers.o(.data)
    .data                                    0x20000088   Section        1  hal_uart.o(.data)
    RcvData                                  0x20000088   Data           1  hal_uart.o(.data)
    .data                                    0x2000008c   Section        4  dbg.o(.data)
    DbgModuleMask                            0x2000008c   Data           4  dbg.o(.data)
    .data                                    0x20000090   Section       60  dbg_uart.o(.data)
    .data                                    0x200000cc   Section       60  generic_uart.o(.data)
    .data                                    0x20000108   Section        4  stdout.o(.data)
    .bss                                     0x2000010c   Section       68  can.o(.bss)
    .bss                                     0x20000150   Section     6564  freertos.o(.bss)
    xIdleTaskTCBBuffer                       0x20000e4c   Data          84  freertos.o(.bss)
    xIdleStack                               0x20000ea0   Data        1024  freertos.o(.bss)
    xTimerTaskTCBBuffer                      0x200012a0   Data          84  freertos.o(.bss)
    xTimerStack                              0x200012f4   Data        2048  freertos.o(.bss)
    .bss                                     0x20001af4   Section       64  tim.o(.bss)
    .bss                                     0x20001b34   Section      128  usart.o(.bss)
    .bss                                     0x20001bb4   Section     4096  heap_1.o(.bss)
    ucHeap                                   0x20001bb4   Data        4096  heap_1.o(.bss)
    .bss                                     0x20002bb4   Section       64  queue.o(.bss)
    .bss                                     0x20002bf4   Section      200  tasks.o(.bss)
    pxReadyTasksLists                        0x20002bf4   Data         100  tasks.o(.bss)
    xDelayedTaskList1                        0x20002c58   Data          20  tasks.o(.bss)
    xDelayedTaskList2                        0x20002c6c   Data          20  tasks.o(.bss)
    xPendingReadyList                        0x20002c80   Data          20  tasks.o(.bss)
    xTasksWaitingTermination                 0x20002c94   Data          20  tasks.o(.bss)
    xSuspendedTaskList                       0x20002ca8   Data          20  tasks.o(.bss)
    .bss                                     0x20002cbc   Section      232  timers.o(.bss)
    xStaticTimerQueue                        0x20002cbc   Data          72  timers.o(.bss)
    ucStaticTimerQueueStorage                0x20002d04   Data         120  timers.o(.bss)
    xActiveTimerList1                        0x20002d7c   Data          20  timers.o(.bss)
    xActiveTimerList2                        0x20002d90   Data          20  timers.o(.bss)
    .bss                                     0x20002da4   Section       20  hal_uart.o(.bss)
    pUart                                    0x20002da4   Data          20  hal_uart.o(.bss)
    .bss                                     0x20002db8   Section      256  dbg.o(.bss)
    DbgBuffer                                0x20002db8   Data         256  dbg.o(.bss)
    .bss                                     0x20002eb8   Section      576  dbg_uart.o(.bss)
    .bss                                     0x200030f8   Section     3192  generic_uart.o(.bss)
    MasterRecvFrame                          0x20003cf8   Data         120  generic_uart.o(.bss)
    STACK                                    0x20003d70   Section     1024  startup_stm32f105xc.o(STACK)

    Global Symbols

    Symbol Name                              Value     Ov Type        Size  Object(Section)

    BuildAttributes$$THM_ISAv4$P$D$K$B$S$PE$A:L22UL41UL21$X:L11$S22US41US21$IEEE1$IW$USESV6$~STKCKD$USESV7$~SHL$OSPACE$ROPI$EBA8$MICROLIB$REQ8$PRES8$EABIv2 0x00000000   Number         0  anon$$obj.o ABSOLUTE
    __ARM_use_no_argv                        0x00000000   Number         0  main.o ABSOLUTE
    _printf_a                                0x00000000   Number         0  stubs.o ABSOLUTE
    _printf_c                                0x00000000   Number         0  stubs.o ABSOLUTE
    _printf_charcount                        0x00000000   Number         0  stubs.o ABSOLUTE
    _printf_d                                0x00000000   Number         0  stubs.o ABSOLUTE
    _printf_e                                0x00000000   Number         0  stubs.o ABSOLUTE
    _printf_f                                0x00000000   Number         0  stubs.o ABSOLUTE
    _printf_flags                            0x00000000   Number         0  stubs.o ABSOLUTE
    _printf_fp_dec                           0x00000000   Number         0  stubs.o ABSOLUTE
    _printf_fp_hex                           0x00000000   Number         0  stubs.o ABSOLUTE
    _printf_g                                0x00000000   Number         0  stubs.o ABSOLUTE
    _printf_i                                0x00000000   Number         0  stubs.o ABSOLUTE
    _printf_int_dec                          0x00000000   Number         0  stubs.o ABSOLUTE
    _printf_l                                0x00000000   Number         0  stubs.o ABSOLUTE
    _printf_lc                               0x00000000   Number         0  stubs.o ABSOLUTE
    _printf_ll                               0x00000000   Number         0  stubs.o ABSOLUTE
    _printf_lld                              0x00000000   Number         0  stubs.o ABSOLUTE
    _printf_lli                              0x00000000   Number         0  stubs.o ABSOLUTE
    _printf_llo                              0x00000000   Number         0  stubs.o ABSOLUTE
    _printf_llu                              0x00000000   Number         0  stubs.o ABSOLUTE
    _printf_llx                              0x00000000   Number         0  stubs.o ABSOLUTE
    _printf_longlong_dec                     0x00000000   Number         0  stubs.o ABSOLUTE
    _printf_longlong_hex                     0x00000000   Number         0  stubs.o ABSOLUTE
    _printf_longlong_oct                     0x00000000   Number         0  stubs.o ABSOLUTE
    _printf_ls                               0x00000000   Number         0  stubs.o ABSOLUTE
    _printf_mbtowc                           0x00000000   Number         0  stubs.o ABSOLUTE
    _printf_n                                0x00000000   Number         0  stubs.o ABSOLUTE
    _printf_o                                0x00000000   Number         0  stubs.o ABSOLUTE
    _printf_p                                0x00000000   Number         0  stubs.o ABSOLUTE
    _printf_percent                          0x00000000   Number         0  stubs.o ABSOLUTE
    _printf_pre_padding                      0x00000000   Number         0  stubs.o ABSOLUTE
    _printf_return_value                     0x00000000   Number         0  stubs.o ABSOLUTE
    _printf_s                                0x00000000   Number         0  stubs.o ABSOLUTE
    _printf_sizespec                         0x00000000   Number         0  stubs.o ABSOLUTE
    _printf_str                              0x00000000   Number         0  stubs.o ABSOLUTE
    _printf_truncate_signed                  0x00000000   Number         0  stubs.o ABSOLUTE
    _printf_truncate_unsigned                0x00000000   Number         0  stubs.o ABSOLUTE
    _printf_u                                0x00000000   Number         0  stubs.o ABSOLUTE
    _printf_wc                               0x00000000   Number         0  stubs.o ABSOLUTE
    _printf_wctomb                           0x00000000   Number         0  stubs.o ABSOLUTE
    _printf_widthprec                        0x00000000   Number         0  stubs.o ABSOLUTE
    _printf_x                                0x00000000   Number         0  stubs.o ABSOLUTE
    __cpp_initialize__aeabi_                  - Undefined Weak Reference
    __cxa_finalize                            - Undefined Weak Reference
    __decompress                              - Undefined Weak Reference
    _clock_init                               - Undefined Weak Reference
    _microlib_exit                            - Undefined Weak Reference
    __Vectors_Size                           0x00000150   Number         0  startup_stm32f105xc.o ABSOLUTE
    __Vectors                                0x08000000   Data           4  startup_stm32f105xc.o(RESET)
    __Vectors_End                            0x08000150   Data           0  startup_stm32f105xc.o(RESET)
    __main                                   0x08000151   Thumb Code     0  entry.o(.ARM.Collect$$$$00000000)
    _main_stk                                0x08000151   Thumb Code     0  entry2.o(.ARM.Collect$$$$00000001)
    _main_scatterload                        0x08000155   Thumb Code     0  entry5.o(.ARM.Collect$$$$00000004)
    __main_after_scatterload                 0x08000159   Thumb Code     0  entry5.o(.ARM.Collect$$$$00000004)
    _main_clock                              0x08000159   Thumb Code     0  entry7b.o(.ARM.Collect$$$$00000008)
    _main_cpp_init                           0x08000159   Thumb Code     0  entry8b.o(.ARM.Collect$$$$0000000A)
    _main_init                               0x08000159   Thumb Code     0  entry9a.o(.ARM.Collect$$$$0000000B)
    __rt_final_cpp                           0x08000161   Thumb Code     0  entry10a.o(.ARM.Collect$$$$0000000D)
    __rt_final_exit                          0x08000161   Thumb Code     0  entry11a.o(.ARM.Collect$$$$0000000F)
    SVC_Handler                              0x08000165   Thumb Code    32  port.o(.emb_text)
    __asm___6_port_c_39a90d8d__prvStartFirstTask 0x08000189   Thumb Code    28  port.o(.emb_text)
    PendSV_Handler                           0x080001a9   Thumb Code    72  port.o(.emb_text)
    vPortGetIPSR                             0x080001f5   Thumb Code     6  port.o(.emb_text)
    Reset_Handler                            0x080001fd   Thumb Code     8  startup_stm32f105xc.o(.text)
    ADC1_2_IRQHandler                        0x08000217   Thumb Code     0  startup_stm32f105xc.o(.text)
    CAN1_RX0_IRQHandler                      0x08000217   Thumb Code     0  startup_stm32f105xc.o(.text)
    CAN1_RX1_IRQHandler                      0x08000217   Thumb Code     0  startup_stm32f105xc.o(.text)
    CAN1_SCE_IRQHandler                      0x08000217   Thumb Code     0  startup_stm32f105xc.o(.text)
    CAN1_TX_IRQHandler                       0x08000217   Thumb Code     0  startup_stm32f105xc.o(.text)
    CAN2_RX0_IRQHandler                      0x08000217   Thumb Code     0  startup_stm32f105xc.o(.text)
    CAN2_RX1_IRQHandler                      0x08000217   Thumb Code     0  startup_stm32f105xc.o(.text)
    CAN2_SCE_IRQHandler                      0x08000217   Thumb Code     0  startup_stm32f105xc.o(.text)
    CAN2_TX_IRQHandler                       0x08000217   Thumb Code     0  startup_stm32f105xc.o(.text)
    DMA1_Channel1_IRQHandler                 0x08000217   Thumb Code     0  startup_stm32f105xc.o(.text)
    DMA1_Channel2_IRQHandler                 0x08000217   Thumb Code     0  startup_stm32f105xc.o(.text)
    DMA1_Channel3_IRQHandler                 0x08000217   Thumb Code     0  startup_stm32f105xc.o(.text)
    DMA1_Channel4_IRQHandler                 0x08000217   Thumb Code     0  startup_stm32f105xc.o(.text)
    DMA1_Channel5_IRQHandler                 0x08000217   Thumb Code     0  startup_stm32f105xc.o(.text)
    DMA1_Channel6_IRQHandler                 0x08000217   Thumb Code     0  startup_stm32f105xc.o(.text)
    DMA1_Channel7_IRQHandler                 0x08000217   Thumb Code     0  startup_stm32f105xc.o(.text)
    DMA2_Channel1_IRQHandler                 0x08000217   Thumb Code     0  startup_stm32f105xc.o(.text)
    DMA2_Channel2_IRQHandler                 0x08000217   Thumb Code     0  startup_stm32f105xc.o(.text)
    DMA2_Channel3_IRQHandler                 0x08000217   Thumb Code     0  startup_stm32f105xc.o(.text)
    DMA2_Channel4_IRQHandler                 0x08000217   Thumb Code     0  startup_stm32f105xc.o(.text)
    DMA2_Channel5_IRQHandler                 0x08000217   Thumb Code     0  startup_stm32f105xc.o(.text)
    EXTI0_IRQHandler                         0x08000217   Thumb Code     0  startup_stm32f105xc.o(.text)
    EXTI15_10_IRQHandler                     0x08000217   Thumb Code     0  startup_stm32f105xc.o(.text)
    EXTI1_IRQHandler                         0x08000217   Thumb Code     0  startup_stm32f105xc.o(.text)
    EXTI2_IRQHandler                         0x08000217   Thumb Code     0  startup_stm32f105xc.o(.text)
    EXTI3_IRQHandler                         0x08000217   Thumb Code     0  startup_stm32f105xc.o(.text)
    EXTI4_IRQHandler                         0x08000217   Thumb Code     0  startup_stm32f105xc.o(.text)
    EXTI9_5_IRQHandler                       0x08000217   Thumb Code     0  startup_stm32f105xc.o(.text)
    FLASH_IRQHandler                         0x08000217   Thumb Code     0  startup_stm32f105xc.o(.text)
    I2C1_ER_IRQHandler                       0x08000217   Thumb Code     0  startup_stm32f105xc.o(.text)
    I2C1_EV_IRQHandler                       0x08000217   Thumb Code     0  startup_stm32f105xc.o(.text)
    I2C2_ER_IRQHandler                       0x08000217   Thumb Code     0  startup_stm32f105xc.o(.text)
    I2C2_EV_IRQHandler                       0x08000217   Thumb Code     0  startup_stm32f105xc.o(.text)
    OTG_FS_IRQHandler                        0x08000217   Thumb Code     0  startup_stm32f105xc.o(.text)
    OTG_FS_WKUP_IRQHandler                   0x08000217   Thumb Code     0  startup_stm32f105xc.o(.text)
    PVD_IRQHandler                           0x08000217   Thumb Code     0  startup_stm32f105xc.o(.text)
    RCC_IRQHandler                           0x08000217   Thumb Code     0  startup_stm32f105xc.o(.text)
    RTC_Alarm_IRQHandler                     0x08000217   Thumb Code     0  startup_stm32f105xc.o(.text)
    RTC_IRQHandler                           0x08000217   Thumb Code     0  startup_stm32f105xc.o(.text)
    SPI1_IRQHandler                          0x08000217   Thumb Code     0  startup_stm32f105xc.o(.text)
    SPI2_IRQHandler                          0x08000217   Thumb Code     0  startup_stm32f105xc.o(.text)
    SPI3_IRQHandler                          0x08000217   Thumb Code     0  startup_stm32f105xc.o(.text)
    TAMPER_IRQHandler                        0x08000217   Thumb Code     0  startup_stm32f105xc.o(.text)
    TIM1_BRK_IRQHandler                      0x08000217   Thumb Code     0  startup_stm32f105xc.o(.text)
    TIM1_CC_IRQHandler                       0x08000217   Thumb Code     0  startup_stm32f105xc.o(.text)
    TIM1_TRG_COM_IRQHandler                  0x08000217   Thumb Code     0  startup_stm32f105xc.o(.text)
    TIM1_UP_IRQHandler                       0x08000217   Thumb Code     0  startup_stm32f105xc.o(.text)
    TIM2_IRQHandler                          0x08000217   Thumb Code     0  startup_stm32f105xc.o(.text)
    TIM3_IRQHandler                          0x08000217   Thumb Code     0  startup_stm32f105xc.o(.text)
    TIM4_IRQHandler                          0x08000217   Thumb Code     0  startup_stm32f105xc.o(.text)
    TIM5_IRQHandler                          0x08000217   Thumb Code     0  startup_stm32f105xc.o(.text)
    TIM7_IRQHandler                          0x08000217   Thumb Code     0  startup_stm32f105xc.o(.text)
    USART1_IRQHandler                        0x08000217   Thumb Code     0  startup_stm32f105xc.o(.text)
    USART2_IRQHandler                        0x08000217   Thumb Code     0  startup_stm32f105xc.o(.text)
    USART3_IRQHandler                        0x08000217   Thumb Code     0  startup_stm32f105xc.o(.text)
    WWDG_IRQHandler                          0x08000217   Thumb Code     0  startup_stm32f105xc.o(.text)
    __aeabi_uldivmod                         0x08000221   Thumb Code    98  uldiv.o(.text)
    __aeabi_llsr                             0x08000283   Thumb Code    32  llushr.o(.text)
    _ll_ushift_r                             0x08000283   Thumb Code     0  llushr.o(.text)
    __rt_ctype_table                         0x080002a5   Thumb Code     4  ctype_o.o(.text)
    toupper                                  0x080002ad   Thumb Code    12  toupper.o(.text)
    __aeabi_memcpy                           0x080002b9   Thumb Code    36  memcpya.o(.text)
    __aeabi_memcpy4                          0x080002b9   Thumb Code     0  memcpya.o(.text)
    __aeabi_memcpy8                          0x080002b9   Thumb Code     0  memcpya.o(.text)
    strlen                                   0x080002dd   Thumb Code    14  strlen.o(.text)
    memcmp                                   0x080002eb   Thumb Code    26  memcmp.o(.text)
    __aeabi_uidiv                            0x08000305   Thumb Code     0  uidiv.o(.text)
    __aeabi_uidivmod                         0x08000305   Thumb Code    44  uidiv.o(.text)
    __aeabi_llsl                             0x08000331   Thumb Code    30  llshl.o(.text)
    _ll_shift_l                              0x08000331   Thumb Code     0  llshl.o(.text)
    __I$use$fp                               0x0800034f   Thumb Code     0  iusefp.o(.text)
    __aeabi_dadd                             0x0800034f   Thumb Code   322  dadd.o(.text)
    __aeabi_dsub                             0x08000491   Thumb Code     6  dadd.o(.text)
    __aeabi_drsub                            0x08000497   Thumb Code     6  dadd.o(.text)
    __aeabi_dmul                             0x0800049d   Thumb Code   228  dmul.o(.text)
    __aeabi_ddiv                             0x08000581   Thumb Code   222  ddiv.o(.text)
    __aeabi_d2ulz                            0x0800065f   Thumb Code    48  dfixul.o(.text)
    __aeabi_cdrcmple                         0x08000691   Thumb Code    38  cdrcmple.o(.text)
    __scatterload                            0x080006b9   Thumb Code    28  init.o(.text)
    __scatterload_rt2                        0x080006b9   Thumb Code     0  init.o(.text)
    __aeabi_lasr                             0x080006dd   Thumb Code    36  llsshr.o(.text)
    _ll_sshift_r                             0x080006dd   Thumb Code     0  llsshr.o(.text)
    _double_round                            0x08000701   Thumb Code    26  depilogue.o(.text)
    _double_epilogue                         0x0800071b   Thumb Code   164  depilogue.o(.text)
    Atcmd_Prase                              0x080007c1   Thumb Code    66  atcmd.o(i.Atcmd_Prase)
    BusFault_Handler                         0x08000815   Thumb Code     4  stm32f1xx_it.o(i.BusFault_Handler)
    CRC_Crc16Modbus                          0x08000819   Thumb Code    48  crc.o(i.CRC_Crc16Modbus)
    CheckCommandType                         0x08000851   Thumb Code    32  atcmd.o(i.CheckCommandType)
    DBG_GetModuleType                        0x08000871   Thumb Code    68  dbg.o(i.DBG_GetModuleType)
    DBG_PrintAllModuleString                 0x080008b9   Thumb Code    64  dbg.o(i.DBG_PrintAllModuleString)
    DBG_PrintfLn                             0x0800092d   Thumb Code   128  dbg.o(i.DBG_PrintfLn)
    DBG_SetDbgModuleMask                     0x080009c1   Thumb Code     6  dbg.o(i.DBG_SetDbgModuleMask)
    DbgUartTask                              0x080009cd   Thumb Code    56  dbg_uart.o(i.DbgUartTask)
    DebugMon_Handler                         0x08000a0d   Thumb Code     2  stm32f1xx_it.o(i.DebugMon_Handler)
    GCHAL_UART_Init                          0x08000a11   Thumb Code   272  hal_uart.o(i.GCHAL_UART_Init)
    GCHAL_UART_Read                          0x08000b55   Thumb Code    94  hal_uart.o(i.GCHAL_UART_Read)
    GCHAL_UART_RxCpltTimerExpire             0x08000bb5   Thumb Code   108  hal_uart.o(i.GCHAL_UART_RxCpltTimerExpire)
    GCHAL_UART_Write                         0x08000c25   Thumb Code   204  hal_uart.o(i.GCHAL_UART_Write)
    GCHAL_UART_WriteString                   0x08000cf1   Thumb Code    26  hal_uart.o(i.GCHAL_UART_WriteString)
    GenericUartTask                          0x08000d0d   Thumb Code   214  generic_uart.o(i.GenericUartTask)
    HAL_CAN_Init                             0x08000e3d   Thumb Code   360  stm32f1xx_hal_can.o(i.HAL_CAN_Init)
    HAL_CAN_MspInit                          0x08000fa5   Thumb Code   108  can.o(i.HAL_CAN_MspInit)
    HAL_DMA_Abort_IT                         0x08001021   Thumb Code   414  stm32f1xx_hal_dma.o(i.HAL_DMA_Abort_IT)
    HAL_GPIO_Init                            0x080011c9   Thumb Code   764  stm32f1xx_hal_gpio.o(i.HAL_GPIO_Init)
    HAL_GPIO_WritePin                        0x080014e5   Thumb Code    12  stm32f1xx_hal_gpio.o(i.HAL_GPIO_WritePin)
    HAL_GetTick                              0x080014f1   Thumb Code     6  stm32f1xx_hal.o(i.HAL_GetTick)
    HAL_IncTick                              0x080014fd   Thumb Code    16  stm32f1xx_hal.o(i.HAL_IncTick)
    HAL_Init                                 0x08001515   Thumb Code    34  stm32f1xx_hal.o(i.HAL_Init)
    HAL_InitTick                             0x0800153d   Thumb Code    64  stm32f1xx_hal.o(i.HAL_InitTick)
    HAL_MspInit                              0x08001589   Thumb Code   158  stm32f1xx_hal_msp.o(i.HAL_MspInit)
    HAL_NVIC_EnableIRQ                       0x08001631   Thumb Code    28  stm32f1xx_hal_cortex.o(i.HAL_NVIC_EnableIRQ)
    HAL_NVIC_SetPriority                     0x0800164d   Thumb Code   124  stm32f1xx_hal_cortex.o(i.HAL_NVIC_SetPriority)
    HAL_NVIC_SetPriorityGrouping             0x080016c9   Thumb Code    32  stm32f1xx_hal_cortex.o(i.HAL_NVIC_SetPriorityGrouping)
    HAL_RCC_ClockConfig                      0x080016f1   Thumb Code   398  stm32f1xx_hal_rcc.o(i.HAL_RCC_ClockConfig)
    HAL_RCC_GetHCLKFreq                      0x08001891   Thumb Code     6  stm32f1xx_hal_rcc.o(i.HAL_RCC_GetHCLKFreq)
    HAL_RCC_GetPCLK1Freq                     0x0800189d   Thumb Code    22  stm32f1xx_hal_rcc.o(i.HAL_RCC_GetPCLK1Freq)
    HAL_RCC_GetPCLK2Freq                     0x080018bd   Thumb Code    22  stm32f1xx_hal_rcc.o(i.HAL_RCC_GetPCLK2Freq)
    HAL_RCC_GetSysClockFreq                  0x080018dd   Thumb Code   244  stm32f1xx_hal_rcc.o(i.HAL_RCC_GetSysClockFreq)
    HAL_RCC_OscConfig                        0x080019fd   Thumb Code  1308  stm32f1xx_hal_rcc.o(i.HAL_RCC_OscConfig)
    HAL_SYSTICK_CLKSourceConfig              0x08001f21   Thumb Code    40  stm32f1xx_hal_cortex.o(i.HAL_SYSTICK_CLKSourceConfig)
    HAL_SYSTICK_Config                       0x08001f49   Thumb Code    52  stm32f1xx_hal_cortex.o(i.HAL_SYSTICK_Config)
    HAL_TIMEx_BreakCallback                  0x08001f7d   Thumb Code     2  stm32f1xx_hal_tim_ex.o(i.HAL_TIMEx_BreakCallback)
    HAL_TIMEx_CommutationCallback            0x08001f7f   Thumb Code     2  stm32f1xx_hal_tim_ex.o(i.HAL_TIMEx_CommutationCallback)
    HAL_TIMEx_MasterConfigSynchronization    0x08001f81   Thumb Code    98  stm32f1xx_hal_tim_ex.o(i.HAL_TIMEx_MasterConfigSynchronization)
    HAL_TIM_Base_Init                        0x08001fe3   Thumb Code    52  stm32f1xx_hal_tim.o(i.HAL_TIM_Base_Init)
    HAL_TIM_Base_MspInit                     0x08002019   Thumb Code    58  tim.o(i.HAL_TIM_Base_MspInit)
    HAL_TIM_IC_CaptureCallback               0x0800205d   Thumb Code     2  stm32f1xx_hal_tim.o(i.HAL_TIM_IC_CaptureCallback)
    HAL_TIM_IRQHandler                       0x0800205f   Thumb Code   406  stm32f1xx_hal_tim.o(i.HAL_TIM_IRQHandler)
    HAL_TIM_OC_DelayElapsedCallback          0x080021f5   Thumb Code     2  stm32f1xx_hal_tim.o(i.HAL_TIM_OC_DelayElapsedCallback)
    HAL_TIM_PWM_PulseFinishedCallback        0x080021f7   Thumb Code     2  stm32f1xx_hal_tim.o(i.HAL_TIM_PWM_PulseFinishedCallback)
    HAL_TIM_PeriodElapsedCallback            0x080021f9   Thumb Code     2  stm32f1xx_hal_tim.o(i.HAL_TIM_PeriodElapsedCallback)
    HAL_TIM_TriggerCallback                  0x080021fb   Thumb Code     2  stm32f1xx_hal_tim.o(i.HAL_TIM_TriggerCallback)
    HAL_UART_ErrorCallback                   0x080021fd   Thumb Code     2  stm32f1xx_hal_uart.o(i.HAL_UART_ErrorCallback)
    HAL_UART_GetState                        0x080021ff   Thumb Code    20  stm32f1xx_hal_uart.o(i.HAL_UART_GetState)
    HAL_UART_IRQHandler                      0x08002215   Thumb Code   324  stm32f1xx_hal_uart.o(i.HAL_UART_IRQHandler)
    HAL_UART_Init                            0x0800235d   Thumb Code   114  stm32f1xx_hal_uart.o(i.HAL_UART_Init)
    HAL_UART_MspInit                         0x080023d1   Thumb Code   194  usart.o(i.HAL_UART_MspInit)
    HAL_UART_Receive_IT                      0x080024a9   Thumb Code   112  stm32f1xx_hal_uart.o(i.HAL_UART_Receive_IT)
    HAL_UART_RxCpltCallback                  0x08002519   Thumb Code   356  hal_uart.o(i.HAL_UART_RxCpltCallback)
    HAL_UART_Transmit_IT                     0x08002685   Thumb Code    88  stm32f1xx_hal_uart.o(i.HAL_UART_Transmit_IT)
    HAL_UART_TxCpltCallback                  0x080026dd   Thumb Code   266  hal_uart.o(i.HAL_UART_TxCpltCallback)
    HardFault_Handler                        0x080027ed   Thumb Code     4  stm32f1xx_it.o(i.HardFault_Handler)
    MX_CAN1_Init                             0x080027f1   Thumb Code    52  can.o(i.MX_CAN1_Init)
    MX_FREERTOS_Init                         0x0800283d   Thumb Code    78  freertos.o(i.MX_FREERTOS_Init)
    MX_GPIO_Init                             0x0800289d   Thumb Code   232  gpio.o(i.MX_GPIO_Init)
    MX_TIM6_Init                             0x08002999   Thumb Code    68  tim.o(i.MX_TIM6_Init)
    MX_UART4_Init                            0x080029f5   Thumb Code    50  usart.o(i.MX_UART4_Init)
    MX_UART5_Init                            0x08002a41   Thumb Code    50  usart.o(i.MX_UART5_Init)
    MemManage_Handler                        0x08002a8d   Thumb Code     4  stm32f1xx_it.o(i.MemManage_Handler)
    NMI_Handler                              0x08002a91   Thumb Code     2  stm32f1xx_it.o(i.NMI_Handler)
    ProtUart_Decode                          0x08002acd   Thumb Code   176  protocol_uart.o(i.ProtUart_Decode)
    ProtUart_MasterEncode                    0x08002c39   Thumb Code   334  protocol_uart.o(i.ProtUart_MasterEncode)
    ProtUart_MasterFrameExtra                0x08002d89   Thumb Code   198  protocol_uart.o(i.ProtUart_MasterFrameExtra)
    ProtUart_MasterSetFunc                   0x08002e5d   Thumb Code    14  protocol_uart.o(i.ProtUart_MasterSetFunc)
    ProtUart_MasterSetResp                   0x08002e6b   Thumb Code    14  protocol_uart.o(i.ProtUart_MasterSetResp)
    StartDefaultTask                         0x08002ea1   Thumb Code    10  freertos.o(i.StartDefaultTask)
    SysTick_Handler                          0x08002eab   Thumb Code    12  stm32f1xx_it.o(i.SysTick_Handler)
    SystemClock_Config                       0x08002eb9   Thumb Code   142  main.o(i.SystemClock_Config)
    SystemInit                               0x08002f5d   Thumb Code    84  system_stm32f1xx.o(i.SystemInit)
    TIM6_IRQHandler                          0x08002fc1   Thumb Code    10  stm32f1xx_it.o(i.TIM6_IRQHandler)
    TIM_Base_SetConfig                       0x08002fd1   Thumb Code   114  stm32f1xx_hal_tim.o(i.TIM_Base_SetConfig)
    UART4_IRQHandler                         0x08003055   Thumb Code    10  stm32f1xx_it.o(i.UART4_IRQHandler)
    UART5_IRQHandler                         0x08003065   Thumb Code    10  stm32f1xx_it.o(i.UART5_IRQHandler)
    UsageFault_Handler                       0x080033a3   Thumb Code     4  stm32f1xx_it.o(i.UsageFault_Handler)
    _Error_Handler                           0x080033a7   Thumb Code     4  main.o(i._Error_Handler)
    __0printf                                0x080033ad   Thumb Code    22  printfa.o(i.__0printf)
    __1printf                                0x080033ad   Thumb Code     0  printfa.o(i.__0printf)
    __2printf                                0x080033ad   Thumb Code     0  printfa.o(i.__0printf)
    __c89printf                              0x080033ad   Thumb Code     0  printfa.o(i.__0printf)
    printf                                   0x080033ad   Thumb Code     0  printfa.o(i.__0printf)
    __0sprintf                               0x080033cd   Thumb Code    34  printfa.o(i.__0sprintf)
    __1sprintf                               0x080033cd   Thumb Code     0  printfa.o(i.__0sprintf)
    __2sprintf                               0x080033cd   Thumb Code     0  printfa.o(i.__0sprintf)
    __c89sprintf                             0x080033cd   Thumb Code     0  printfa.o(i.__0sprintf)
    sprintf                                  0x080033cd   Thumb Code     0  printfa.o(i.__0sprintf)
    __0vsnprintf                             0x080033f5   Thumb Code    32  printfa.o(i.__0vsnprintf)
    __1vsnprintf                             0x080033f5   Thumb Code     0  printfa.o(i.__0vsnprintf)
    __2vsnprintf                             0x080033f5   Thumb Code     0  printfa.o(i.__0vsnprintf)
    __c89vsnprintf                           0x080033f5   Thumb Code     0  printfa.o(i.__0vsnprintf)
    vsnprintf                                0x080033f5   Thumb Code     0  printfa.o(i.__0vsnprintf)
    __scatterload_copy                       0x08003419   Thumb Code    14  handlers.o(i.__scatterload_copy)
    __scatterload_null                       0x08003427   Thumb Code     2  handlers.o(i.__scatterload_null)
    __scatterload_zeroinit                   0x08003429   Thumb Code    14  handlers.o(i.__scatterload_zeroinit)
    fputc                                    0x08003d15   Thumb Code    24  dbg.o(i.fputc)
    getDecimalValue                          0x08003d31   Thumb Code    62  atcmd.o(i.getDecimalValue)
    getExtendedOperation                     0x08003d6f   Thumb Code    86  atcmd.o(i.getExtendedOperation)
    getExtendedParameter                     0x08003dc5   Thumb Code   132  atcmd.o(i.getExtendedParameter)
    getExtendedString                        0x08003e49   Thumb Code   300  atcmd.o(i.getExtendedString)
    hex_to_value                             0x08003f75   Thumb Code    62  atcmd.o(i.hex_to_value)
    main                                     0x08003fcb   Thumb Code    40  main.o(i.main)
    osDelay                                  0x08004001   Thumb Code    24  cmsis_os.o(i.osDelay)
    osKernelStart                            0x08004019   Thumb Code    10  cmsis_os.o(i.osKernelStart)
    osSystickHandler                         0x08004023   Thumb Code    16  cmsis_os.o(i.osSystickHandler)
    osThreadCreate                           0x08004033   Thumb Code    94  cmsis_os.o(i.osThreadCreate)
    parseCommandBuffer                       0x08004091   Thumb Code   156  atcmd.o(i.parseCommandBuffer)
    prase_atcmd                              0x0800412d   Thumb Code    46  atcmd.o(i.prase_atcmd)
    pvPortMalloc                             0x08004a8d   Thumb Code    98  heap_1.o(i.pvPortMalloc)
    pvTaskIncrementMutexHeldCount            0x08004afd   Thumb Code    26  tasks.o(i.pvTaskIncrementMutexHeldCount)
    pxPortInitialiseStack                    0x08004b1d   Thumb Code    30  port.o(i.pxPortInitialiseStack)
    uxListRemove                             0x08004b41   Thumb Code    40  list.o(i.uxListRemove)
    vApplicationGetIdleTaskMemory            0x08004b69   Thumb Code    16  freertos.o(i.vApplicationGetIdleTaskMemory)
    vApplicationGetTimerTaskMemory           0x08004b81   Thumb Code    16  freertos.o(i.vApplicationGetTimerTaskMemory)
    vListInitialise                          0x08004b99   Thumb Code    26  list.o(i.vListInitialise)
    vListInitialiseItem                      0x08004bb3   Thumb Code     6  list.o(i.vListInitialiseItem)
    vListInsert                              0x08004bb9   Thumb Code    52  list.o(i.vListInsert)
    vListInsertEnd                           0x08004bed   Thumb Code    24  list.o(i.vListInsertEnd)
    vPortEnterCritical                       0x08004c05   Thumb Code    78  port.o(i.vPortEnterCritical)
    vPortExitCritical                        0x08004c5d   Thumb Code    56  port.o(i.vPortExitCritical)
    vPortFree                                0x08004c99   Thumb Code    34  heap_1.o(i.vPortFree)
    vPortSetupTimerInterrupt                 0x08004cbd   Thumb Code    26  port.o(i.vPortSetupTimerInterrupt)
    vPortValidateInterruptPriority           0x08004cdd   Thumb Code   108  port.o(i.vPortValidateInterruptPriority)
    vQueueAddToRegistry                      0x08004d55   Thumb Code    38  queue.o(i.vQueueAddToRegistry)
    vQueueDelete                             0x08004d81   Thumb Code    50  queue.o(i.vQueueDelete)
    vQueueUnregisterQueue                    0x08004db5   Thumb Code    44  queue.o(i.vQueueUnregisterQueue)
    vQueueWaitForMessageRestricted           0x08004de5   Thumb Code    70  queue.o(i.vQueueWaitForMessageRestricted)
    vTaskDelay                               0x08004e2d   Thumb Code    82  tasks.o(i.vTaskDelay)
    vTaskMissedYield                         0x08004e89   Thumb Code     8  tasks.o(i.vTaskMissedYield)
    vTaskPlaceOnEventList                    0x08004e95   Thumb Code    52  tasks.o(i.vTaskPlaceOnEventList)
    vTaskPlaceOnEventListRestricted          0x08004ecd   Thumb Code    60  tasks.o(i.vTaskPlaceOnEventListRestricted)
    vTaskPriorityInherit                     0x08004f0d   Thumb Code   164  tasks.o(i.vTaskPriorityInherit)
    vTaskSetTimeOutState                     0x08004fbd   Thumb Code    38  tasks.o(i.vTaskSetTimeOutState)
    vTaskStartScheduler                      0x08004fed   Thumb Code   156  tasks.o(i.vTaskStartScheduler)
    vTaskSuspendAll                          0x080050a5   Thumb Code    12  tasks.o(i.vTaskSuspendAll)
    vTaskSwitchContext                       0x080050b5   Thumb Code   118  tasks.o(i.vTaskSwitchContext)
    vgLogCfg                                 0x08005141   Thumb Code   220  atcmd_customer.o(i.vgLogCfg)
    vgMcuCtl                                 0x0800522d   Thumb Code   332  atcmd_customer.o(i.vgMcuCtl)
    xPortStartScheduler                      0x080053a5   Thumb Code   140  port.o(i.xPortStartScheduler)
    xPortSysTickHandler                      0x08005445   Thumb Code    46  port.o(i.xPortSysTickHandler)
    xQueueGenericCreate                      0x08005479   Thumb Code    94  queue.o(i.xQueueGenericCreate)
    xQueueGenericCreateStatic                0x080054d7   Thumb Code   222  queue.o(i.xQueueGenericCreateStatic)
    xQueueGenericReceive                     0x080055b5   Thumb Code   442  queue.o(i.xQueueGenericReceive)
    xQueueGenericReset                       0x08005775   Thumb Code   146  queue.o(i.xQueueGenericReset)
    xQueueGenericSend                        0x0800580d   Thumb Code   416  queue.o(i.xQueueGenericSend)
    xQueueGenericSendFromISR                 0x080059b1   Thumb Code   248  queue.o(i.xQueueGenericSendFromISR)
    xQueueGiveFromISR                        0x08005aa9   Thumb Code   224  queue.o(i.xQueueGiveFromISR)
    xTaskCheckForTimeOut                     0x08005b89   Thumb Code   132  tasks.o(i.xTaskCheckForTimeOut)
    xTaskCreate                              0x08005c15   Thumb Code   100  tasks.o(i.xTaskCreate)
    xTaskCreateStatic                        0x08005c79   Thumb Code   144  tasks.o(i.xTaskCreateStatic)
    xTaskGetSchedulerState                   0x08005d09   Thumb Code    24  tasks.o(i.xTaskGetSchedulerState)
    xTaskGetTickCount                        0x08005d29   Thumb Code     6  tasks.o(i.xTaskGetTickCount)
    xTaskGetTickCountFromISR                 0x08005d35   Thumb Code    16  tasks.o(i.xTaskGetTickCountFromISR)
    xTaskIncrementTick                       0x08005d49   Thumb Code   282  tasks.o(i.xTaskIncrementTick)
    xTaskPriorityDisinherit                  0x08005e91   Thumb Code   188  tasks.o(i.xTaskPriorityDisinherit)
    xTaskRemoveFromEventList                 0x08005f59   Thumb Code   128  tasks.o(i.xTaskRemoveFromEventList)
    xTaskResumeAll                           0x08005ff1   Thumb Code   224  tasks.o(i.xTaskResumeAll)
    xTimerCreate                             0x080060f5   Thumb Code    54  timers.o(i.xTimerCreate)
    xTimerCreateTimerTask                    0x0800612d   Thumb Code   100  timers.o(i.xTimerCreateTimerTask)
    xTimerGenericCommand                     0x080061a5   Thumb Code   126  timers.o(i.xTimerGenericCommand)
    AHBPrescTable                            0x0800627c   Data          16  system_stm32f1xx.o(.constdata)
    APBPrescTable                            0x0800628c   Data           8  system_stm32f1xx.o(.constdata)
    auAtCommandTable                         0x08006494   Data          24  atcmd.o(.constdata)
    __ctype_table                            0x080065bc   Data         129  ctype_o.o(.constdata)
    Region$$Table$$Base                      0x0800669c   Number         0  anon$$obj.o(Region$$Table)
    Region$$Table$$Limit                     0x080066bc   Number         0  anon$$obj.o(Region$$Table)
    defaultTaskHandle                        0x20000000   Data           4  freertos.o(.data)
    GenericUartHandle                        0x20000004   Data           4  freertos.o(.data)
    DbgUartHandle                            0x20000008   Data           4  freertos.o(.data)
    uwTickPrio                               0x2000000c   Data           4  stm32f1xx_hal.o(.data)
    uwTickFreq                               0x20000010   Data           1  stm32f1xx_hal.o(.data)
    uwTick                                   0x20000014   Data           4  stm32f1xx_hal.o(.data)
    SystemCoreClock                          0x20000018   Data           4  system_stm32f1xx.o(.data)
    pxCurrentTCB                             0x20000038   Data           4  tasks.o(.data)
    DbgUart                                  0x20000090   Data          56  dbg_uart.o(.data)
    DbgUartRxSemaphore                       0x200000c8   Data           4  dbg_uart.o(.data)
    ComUart                                  0x200000cc   Data          56  generic_uart.o(.data)
    ComUartRxSemaphore                       0x20000104   Data           4  generic_uart.o(.data)
    __stdout                                 0x20000108   Data           4  stdout.o(.data)
    hcan1                                    0x2000010c   Data          68  can.o(.bss)
    defaultTaskBuffer                        0x20000150   Data        1024  freertos.o(.bss)
    defaultTaskControlBlock                  0x20000550   Data          84  freertos.o(.bss)
    GenericUartBuffer                        0x200005a4   Data        1024  freertos.o(.bss)
    GenericUartControlBlock                  0x200009a4   Data          84  freertos.o(.bss)
    DbgUartBuffer                            0x200009f8   Data        1024  freertos.o(.bss)
    DbgUartControlBlock                      0x20000df8   Data          84  freertos.o(.bss)
    htim6                                    0x20001af4   Data          64  tim.o(.bss)
    huart4                                   0x20001b34   Data          64  usart.o(.bss)
    huart5                                   0x20001b74   Data          64  usart.o(.bss)
    xQueueRegistry                           0x20002bb4   Data          64  queue.o(.bss)
    DbgUartRxBuffer                          0x20002eb8   Data         256  dbg_uart.o(.bss)
    DbgUartTxBuffer                          0x20002fb8   Data          64  dbg_uart.o(.bss)
    DbgUartTempBuffer                        0x20002ff8   Data         256  dbg_uart.o(.bss)
    ComUartRxBuffer                          0x200030f8   Data        1024  generic_uart.o(.bss)
    ComUartTxBuffer                          0x200034f8   Data        1024  generic_uart.o(.bss)
    ComUartTempBuffer                        0x200038f8   Data        1024  generic_uart.o(.bss)
    __initial_sp                             0x20004170   Data           0  startup_stm32f105xc.o(STACK)



==============================================================================

Memory Map of the image

  Image Entry point : 0x08000151

  Load Region LR_IROM1 (Base: 0x08000000, Size: 0x000067c8, Max: 0x00040000, ABSOLUTE)

    Execution Region ER_IROM1 (Base: 0x08000000, Size: 0x000066bc, Max: 0x00040000, ABSOLUTE)

    Base Addr    Size         Type   Attr      Idx    E Section Name        Object

    0x08000000   0x00000150   Data   RO            3    RESET               startup_stm32f105xc.o
    0x08000150   0x00000000   Code   RO         4578  * .ARM.Collect$$$$00000000  mc_w.l(entry.o)
    0x08000150   0x00000004   Code   RO         4884    .ARM.Collect$$$$00000001  mc_w.l(entry2.o)
    0x08000154   0x00000004   Code   RO         4887    .ARM.Collect$$$$00000004  mc_w.l(entry5.o)
    0x08000158   0x00000000   Code   RO         4889    .ARM.Collect$$$$00000008  mc_w.l(entry7b.o)
    0x08000158   0x00000000   Code   RO         4891    .ARM.Collect$$$$0000000A  mc_w.l(entry8b.o)
    0x08000158   0x00000008   Code   RO         4892    .ARM.Collect$$$$0000000B  mc_w.l(entry9a.o)
    0x08000160   0x00000000   Code   RO         4894    .ARM.Collect$$$$0000000D  mc_w.l(entry10a.o)
    0x08000160   0x00000000   Code   RO         4896    .ARM.Collect$$$$0000000F  mc_w.l(entry11a.o)
    0x08000160   0x00000004   Code   RO         4885    .ARM.Collect$$$$00002712  mc_w.l(entry2.o)
    0x08000164   0x00000096   Code   RO         3017    .emb_text           port.o
    0x080001fa   0x00000002   PAD
    0x080001fc   0x00000024   Code   RO            4    .text               startup_stm32f105xc.o
    0x08000220   0x00000062   Code   RO         4581    .text               mc_w.l(uldiv.o)
    0x08000282   0x00000020   Code   RO         4583    .text               mc_w.l(llushr.o)
    0x080002a2   0x00000002   PAD
    0x080002a4   0x00000008   Code   RO         4585    .text               mc_w.l(ctype_o.o)
    0x080002ac   0x0000000c   Code   RO         4613    .text               mc_w.l(toupper.o)
    0x080002b8   0x00000024   Code   RO         4615    .text               mc_w.l(memcpya.o)
    0x080002dc   0x0000000e   Code   RO         4617    .text               mc_w.l(strlen.o)
    0x080002ea   0x0000001a   Code   RO         4619    .text               mc_w.l(memcmp.o)
    0x08000304   0x0000002c   Code   RO         4899    .text               mc_w.l(uidiv.o)
    0x08000330   0x0000001e   Code   RO         4901    .text               mc_w.l(llshl.o)
    0x0800034e   0x00000000   Code   RO         4903    .text               mc_w.l(iusefp.o)
    0x0800034e   0x0000014e   Code   RO         4904    .text               mf_w.l(dadd.o)
    0x0800049c   0x000000e4   Code   RO         4906    .text               mf_w.l(dmul.o)
    0x08000580   0x000000de   Code   RO         4908    .text               mf_w.l(ddiv.o)
    0x0800065e   0x00000030   Code   RO         4910    .text               mf_w.l(dfixul.o)
    0x0800068e   0x00000002   PAD
    0x08000690   0x00000028   Code   RO         4912    .text               mf_w.l(cdrcmple.o)
    0x080006b8   0x00000024   Code   RO         4914    .text               mc_w.l(init.o)
    0x080006dc   0x00000024   Code   RO         4916    .text               mc_w.l(llsshr.o)
    0x08000700   0x000000be   Code   RO         4918    .text               mf_w.l(depilogue.o)
    0x080007be   0x00000002   PAD
    0x080007c0   0x00000054   Code   RO         4294    i.Atcmd_Prase       atcmd.o
    0x08000814   0x00000004   Code   RO          411    i.BusFault_Handler  stm32f1xx_it.o
    0x08000818   0x00000038   Code   RO         2868    i.CRC_Crc16Modbus   crc.o
    0x08000850   0x00000020   Code   RO         4295    i.CheckCommandType  atcmd.o
    0x08000870   0x00000048   Code   RO         4438    i.DBG_GetModuleType  dbg.o
    0x080008b8   0x00000074   Code   RO         4439    i.DBG_PrintAllModuleString  dbg.o
    0x0800092c   0x00000094   Code   RO         4441    i.DBG_PrintfLn      dbg.o
    0x080009c0   0x0000000c   Code   RO         4442    i.DBG_SetDbgModuleMask  dbg.o
    0x080009cc   0x00000040   Code   RO         4513    i.DbgUartTask       dbg_uart.o
    0x08000a0c   0x00000002   Code   RO          412    i.DebugMon_Handler  stm32f1xx_it.o
    0x08000a0e   0x00000002   PAD
    0x08000a10   0x00000144   Code   RO         4213    i.GCHAL_UART_Init   hal_uart.o
    0x08000b54   0x0000005e   Code   RO         4215    i.GCHAL_UART_Read   hal_uart.o
    0x08000bb2   0x00000002   PAD
    0x08000bb4   0x00000070   Code   RO         4216    i.GCHAL_UART_RxCpltTimerExpire  hal_uart.o
    0x08000c24   0x000000cc   Code   RO         4217    i.GCHAL_UART_Write  hal_uart.o
    0x08000cf0   0x0000001a   Code   RO         4218    i.GCHAL_UART_WriteString  hal_uart.o
    0x08000d0a   0x00000002   PAD
    0x08000d0c   0x00000130   Code   RO         4552    i.GenericUartTask   generic_uart.o
    0x08000e3c   0x00000168   Code   RO          561    i.HAL_CAN_Init      stm32f1xx_hal_can.o
    0x08000fa4   0x0000007c   Code   RO          222    i.HAL_CAN_MspInit   can.o
    0x08001020   0x000001a8   Code   RO         2282    i.HAL_DMA_Abort_IT  stm32f1xx_hal_dma.o
    0x080011c8   0x0000031c   Code   RO         2217    i.HAL_GPIO_Init     stm32f1xx_hal_gpio.o
    0x080014e4   0x0000000c   Code   RO         2221    i.HAL_GPIO_WritePin  stm32f1xx_hal_gpio.o
    0x080014f0   0x0000000c   Code   RO         1899    i.HAL_GetTick       stm32f1xx_hal.o
    0x080014fc   0x00000018   Code   RO         1903    i.HAL_IncTick       stm32f1xx_hal.o
    0x08001514   0x00000028   Code   RO         1904    i.HAL_Init          stm32f1xx_hal.o
    0x0800153c   0x0000004c   Code   RO         1905    i.HAL_InitTick      stm32f1xx_hal.o
    0x08001588   0x000000a8   Code   RO          493    i.HAL_MspInit       stm32f1xx_hal_msp.o
    0x08001630   0x0000001c   Code   RO         2377    i.HAL_NVIC_EnableIRQ  stm32f1xx_hal_cortex.o
    0x0800164c   0x0000007c   Code   RO         2383    i.HAL_NVIC_SetPriority  stm32f1xx_hal_cortex.o
    0x080016c8   0x00000028   Code   RO         2384    i.HAL_NVIC_SetPriorityGrouping  stm32f1xx_hal_cortex.o
    0x080016f0   0x000001a0   Code   RO         2048    i.HAL_RCC_ClockConfig  stm32f1xx_hal_rcc.o
    0x08001890   0x0000000c   Code   RO         2053    i.HAL_RCC_GetHCLKFreq  stm32f1xx_hal_rcc.o
    0x0800189c   0x00000020   Code   RO         2055    i.HAL_RCC_GetPCLK1Freq  stm32f1xx_hal_rcc.o
    0x080018bc   0x00000020   Code   RO         2056    i.HAL_RCC_GetPCLK2Freq  stm32f1xx_hal_rcc.o
    0x080018dc   0x00000120   Code   RO         2057    i.HAL_RCC_GetSysClockFreq  stm32f1xx_hal_rcc.o
    0x080019fc   0x00000524   Code   RO         2060    i.HAL_RCC_OscConfig  stm32f1xx_hal_rcc.o
    0x08001f20   0x00000028   Code   RO         2386    i.HAL_SYSTICK_CLKSourceConfig  stm32f1xx_hal_cortex.o
    0x08001f48   0x00000034   Code   RO         2388    i.HAL_SYSTICK_Config  stm32f1xx_hal_cortex.o
    0x08001f7c   0x00000002   Code   RO         1324    i.HAL_TIMEx_BreakCallback  stm32f1xx_hal_tim_ex.o
    0x08001f7e   0x00000002   Code   RO         1325    i.HAL_TIMEx_CommutationCallback  stm32f1xx_hal_tim_ex.o
    0x08001f80   0x00000062   Code   RO         1341    i.HAL_TIMEx_MasterConfigSynchronization  stm32f1xx_hal_tim_ex.o
    0x08001fe2   0x00000034   Code   RO          685    i.HAL_TIM_Base_Init  stm32f1xx_hal_tim.o
    0x08002016   0x00000002   PAD
    0x08002018   0x00000044   Code   RO          322    i.HAL_TIM_Base_MspInit  tim.o
    0x0800205c   0x00000002   Code   RO          714    i.HAL_TIM_IC_CaptureCallback  stm32f1xx_hal_tim.o
    0x0800205e   0x00000196   Code   RO          727    i.HAL_TIM_IRQHandler  stm32f1xx_hal_tim.o
    0x080021f4   0x00000002   Code   RO          730    i.HAL_TIM_OC_DelayElapsedCallback  stm32f1xx_hal_tim.o
    0x080021f6   0x00000002   Code   RO          757    i.HAL_TIM_PWM_PulseFinishedCallback  stm32f1xx_hal_tim.o
    0x080021f8   0x00000002   Code   RO          764    i.HAL_TIM_PeriodElapsedCallback  stm32f1xx_hal_tim.o
    0x080021fa   0x00000002   Code   RO          768    i.HAL_TIM_TriggerCallback  stm32f1xx_hal_tim.o
    0x080021fc   0x00000002   Code   RO         1578    i.HAL_UART_ErrorCallback  stm32f1xx_hal_uart.o
    0x080021fe   0x00000014   Code   RO         1580    i.HAL_UART_GetState  stm32f1xx_hal_uart.o
    0x08002212   0x00000002   PAD
    0x08002214   0x00000148   Code   RO         1581    i.HAL_UART_IRQHandler  stm32f1xx_hal_uart.o
    0x0800235c   0x00000072   Code   RO         1582    i.HAL_UART_Init     stm32f1xx_hal_uart.o
    0x080023ce   0x00000002   PAD
    0x080023d0   0x000000d8   Code   RO          364    i.HAL_UART_MspInit  usart.o
    0x080024a8   0x00000070   Code   RO         1587    i.HAL_UART_Receive_IT  stm32f1xx_hal_uart.o
    0x08002518   0x0000016c   Code   RO         4219    i.HAL_UART_RxCpltCallback  hal_uart.o
    0x08002684   0x00000058   Code   RO         1592    i.HAL_UART_Transmit_IT  stm32f1xx_hal_uart.o
    0x080026dc   0x00000110   Code   RO         4220    i.HAL_UART_TxCpltCallback  hal_uart.o
    0x080027ec   0x00000004   Code   RO          413    i.HardFault_Handler  stm32f1xx_it.o
    0x080027f0   0x0000004c   Code   RO          223    i.MX_CAN1_Init      can.o
    0x0800283c   0x00000060   Code   RO          262    i.MX_FREERTOS_Init  freertos.o
    0x0800289c   0x000000fc   Code   RO          197    i.MX_GPIO_Init      gpio.o
    0x08002998   0x0000005c   Code   RO          323    i.MX_TIM6_Init      tim.o
    0x080029f4   0x0000004c   Code   RO          365    i.MX_UART4_Init     usart.o
    0x08002a40   0x0000004c   Code   RO          366    i.MX_UART5_Init     usart.o
    0x08002a8c   0x00000004   Code   RO          414    i.MemManage_Handler  stm32f1xx_it.o
    0x08002a90   0x00000002   Code   RO          415    i.NMI_Handler       stm32f1xx_it.o
    0x08002a92   0x00000002   PAD
    0x08002a94   0x00000010   Code   RO         2390    i.NVIC_GetPriorityGrouping  stm32f1xx_hal_cortex.o
    0x08002aa4   0x00000028   Code   RO         2391    i.NVIC_SetPriority  stm32f1xx_hal_cortex.o
    0x08002acc   0x000000b0   Code   RO         2898    i.ProtUart_Decode   protocol_uart.o
    0x08002b7c   0x000000bc   Code   RO         2900    i.ProtUart_MasterDecode  protocol_uart.o
    0x08002c38   0x0000014e   Code   RO         2901    i.ProtUart_MasterEncode  protocol_uart.o
    0x08002d86   0x00000002   PAD
    0x08002d88   0x000000d4   Code   RO         2902    i.ProtUart_MasterFrameExtra  protocol_uart.o
    0x08002e5c   0x0000000e   Code   RO         2903    i.ProtUart_MasterSetFunc  protocol_uart.o
    0x08002e6a   0x0000000e   Code   RO         2904    i.ProtUart_MasterSetResp  protocol_uart.o
    0x08002e78   0x00000028   Code   RO         2061    i.RCC_Delay         stm32f1xx_hal_rcc.o
    0x08002ea0   0x0000000a   Code   RO          263    i.StartDefaultTask  freertos.o
    0x08002eaa   0x0000000c   Code   RO          416    i.SysTick_Handler   stm32f1xx_it.o
    0x08002eb6   0x00000002   PAD
    0x08002eb8   0x000000a4   Code   RO           13    i.SystemClock_Config  main.o
    0x08002f5c   0x00000064   Code   RO         2832    i.SystemInit        system_stm32f1xx.o
    0x08002fc0   0x00000010   Code   RO          417    i.TIM6_IRQHandler   stm32f1xx_it.o
    0x08002fd0   0x00000084   Code   RO          769    i.TIM_Base_SetConfig  stm32f1xx_hal_tim.o
    0x08003054   0x00000010   Code   RO          418    i.UART4_IRQHandler  stm32f1xx_it.o
    0x08003064   0x00000010   Code   RO          419    i.UART5_IRQHandler  stm32f1xx_it.o
    0x08003074   0x00000014   Code   RO         1595    i.UART_DMAAbortOnError  stm32f1xx_hal_uart.o
    0x08003088   0x00000020   Code   RO         1605    i.UART_EndRxTransfer  stm32f1xx_hal_uart.o
    0x080030a8   0x00000020   Code   RO         1606    i.UART_EndTransmit_IT  stm32f1xx_hal_uart.o
    0x080030c8   0x000000a8   Code   RO         1608    i.UART_Receive_IT   stm32f1xx_hal_uart.o
    0x08003170   0x000001c8   Code   RO         1609    i.UART_SetConfig    stm32f1xx_hal_uart.o
    0x08003338   0x0000006a   Code   RO         1610    i.UART_Transmit_IT  stm32f1xx_hal_uart.o
    0x080033a2   0x00000004   Code   RO          420    i.UsageFault_Handler  stm32f1xx_it.o
    0x080033a6   0x00000004   Code   RO           14    i._Error_Handler    main.o
    0x080033aa   0x00000002   PAD
    0x080033ac   0x00000020   Code   RO         4856    i.__0printf         mc_w.l(printfa.o)
    0x080033cc   0x00000028   Code   RO         4858    i.__0sprintf        mc_w.l(printfa.o)
    0x080033f4   0x00000024   Code   RO         4861    i.__0vsnprintf      mc_w.l(printfa.o)
    0x08003418   0x0000000e   Code   RO         4922    i.__scatterload_copy  mc_w.l(handlers.o)
    0x08003426   0x00000002   Code   RO         4923    i.__scatterload_null  mc_w.l(handlers.o)
    0x08003428   0x0000000e   Code   RO         4924    i.__scatterload_zeroinit  mc_w.l(handlers.o)
    0x08003436   0x00000002   PAD
    0x08003438   0x0000015c   Code   RO         4863    i._fp_digits        mc_w.l(printfa.o)
    0x08003594   0x000006f0   Code   RO         4864    i._printf_core      mc_w.l(printfa.o)
    0x08003c84   0x00000026   Code   RO         4865    i._printf_post_padding  mc_w.l(printfa.o)
    0x08003caa   0x00000030   Code   RO         4866    i._printf_pre_padding  mc_w.l(printfa.o)
    0x08003cda   0x00000016   Code   RO         4867    i._snputc           mc_w.l(printfa.o)
    0x08003cf0   0x0000000a   Code   RO         4868    i._sputc            mc_w.l(printfa.o)
    0x08003cfa   0x00000002   PAD
    0x08003cfc   0x00000018   Code   RO         4296    i.custom_command_hdlr  atcmd.o
    0x08003d14   0x0000001c   Code   RO         4443    i.fputc             dbg.o
    0x08003d30   0x0000003e   Code   RO         4297    i.getDecimalValue   atcmd.o
    0x08003d6e   0x00000056   Code   RO         4298    i.getExtendedOperation  atcmd.o
    0x08003dc4   0x00000084   Code   RO         4299    i.getExtendedParameter  atcmd.o
    0x08003e48   0x0000012c   Code   RO         4300    i.getExtendedString  atcmd.o
    0x08003f74   0x0000003e   Code   RO         4301    i.hex_to_value      atcmd.o
    0x08003fb2   0x00000018   Code   RO         4302    i.isAsciiCode       atcmd.o
    0x08003fca   0x00000028   Code   RO           15    i.main              main.o
    0x08003ff2   0x0000000e   Code   RO         3837    i.makeFreeRtosPriority  cmsis_os.o
    0x08004000   0x00000018   Code   RO         3839    i.osDelay           cmsis_os.o
    0x08004018   0x0000000a   Code   RO         3842    i.osKernelStart     cmsis_os.o
    0x08004022   0x00000010   Code   RO         3875    i.osSystickHandler  cmsis_os.o
    0x08004032   0x0000005e   Code   RO         3876    i.osThreadCreate    cmsis_os.o
    0x08004090   0x0000009c   Code   RO         4303    i.parseCommandBuffer  atcmd.o
    0x0800412c   0x0000002e   Code   RO         4304    i.prase_atcmd       atcmd.o
    0x0800415a   0x00000002   PAD
    0x0800415c   0x00000098   Code   RO         3411    i.prvAddCurrentTaskToDelayedList  tasks.o
    0x080041f4   0x000000b4   Code   RO         3412    i.prvAddNewTaskToReadyList  tasks.o
    0x080042a8   0x00000074   Code   RO         3709    i.prvCheckForValidListAndQueue  timers.o
    0x0800431c   0x00000064   Code   RO         3413    i.prvCheckTasksWaitingTermination  tasks.o
    0x08004380   0x0000002a   Code   RO         3226    i.prvCopyDataFromQueue  queue.o
    0x080043aa   0x0000007c   Code   RO         3227    i.prvCopyDataToQueue  queue.o
    0x08004426   0x00000050   Code   RO         3414    i.prvDeleteTCB      tasks.o
    0x08004476   0x00000002   PAD
    0x08004478   0x00000028   Code   RO         3710    i.prvGetNextExpireTime  timers.o
    0x080044a0   0x00000028   Code   RO         3415    i.prvIdleTask       tasks.o
    0x080044c8   0x00000026   Code   RO         3229    i.prvInitialiseNewQueue  queue.o
    0x080044ee   0x000000aa   Code   RO         3416    i.prvInitialiseNewTask  tasks.o
    0x08004598   0x0000004e   Code   RO         3711    i.prvInitialiseNewTimer  timers.o
    0x080045e6   0x00000002   PAD
    0x080045e8   0x00000068   Code   RO         3417    i.prvInitialiseTaskLists  tasks.o
    0x08004650   0x00000058   Code   RO         3712    i.prvInsertTimerInActiveList  timers.o
    0x080046a8   0x0000001a   Code   RO         3230    i.prvIsQueueEmpty   queue.o
    0x080046c2   0x0000001e   Code   RO         3231    i.prvIsQueueFull    queue.o
    0x080046e0   0x00000064   Code   RO         3713    i.prvProcessExpiredTimer  timers.o
    0x08004744   0x000000fc   Code   RO         3714    i.prvProcessReceivedCommands  timers.o
    0x08004840   0x00000074   Code   RO         3715    i.prvProcessTimerOrBlockTask  timers.o
    0x080048b4   0x00000034   Code   RO         3418    i.prvResetNextTaskUnblockTime  tasks.o
    0x080048e8   0x0000002c   Code   RO         3716    i.prvSampleTimeNow  timers.o
    0x08004914   0x000000a0   Code   RO         3717    i.prvSwitchTimerLists  timers.o
    0x080049b4   0x00000040   Code   RO         3018    i.prvTaskExitError  port.o
    0x080049f4   0x0000001a   Code   RO         3718    i.prvTimerTask      timers.o
    0x08004a0e   0x0000007e   Code   RO         3232    i.prvUnlockQueue    queue.o
    0x08004a8c   0x00000070   Code   RO         2963    i.pvPortMalloc      heap_1.o
    0x08004afc   0x00000020   Code   RO         3420    i.pvTaskIncrementMutexHeldCount  tasks.o
    0x08004b1c   0x00000024   Code   RO         3019    i.pxPortInitialiseStack  port.o
    0x08004b40   0x00000028   Code   RO         3189    i.uxListRemove      list.o
    0x08004b68   0x00000018   Code   RO          264    i.vApplicationGetIdleTaskMemory  freertos.o
    0x08004b80   0x00000018   Code   RO          265    i.vApplicationGetTimerTaskMemory  freertos.o
    0x08004b98   0x0000001a   Code   RO         3190    i.vListInitialise   list.o
    0x08004bb2   0x00000006   Code   RO         3191    i.vListInitialiseItem  list.o
    0x08004bb8   0x00000034   Code   RO         3192    i.vListInsert       list.o
    0x08004bec   0x00000018   Code   RO         3193    i.vListInsertEnd    list.o
    0x08004c04   0x00000058   Code   RO         3021    i.vPortEnterCritical  port.o
    0x08004c5c   0x0000003c   Code   RO         3022    i.vPortExitCritical  port.o
    0x08004c98   0x00000022   Code   RO         2964    i.vPortFree         heap_1.o
    0x08004cba   0x00000002   PAD
    0x08004cbc   0x00000020   Code   RO         3023    i.vPortSetupTimerInterrupt  port.o
    0x08004cdc   0x00000078   Code   RO         3024    i.vPortValidateInterruptPriority  port.o
    0x08004d54   0x0000002c   Code   RO         3236    i.vQueueAddToRegistry  queue.o
    0x08004d80   0x00000032   Code   RO         3237    i.vQueueDelete      queue.o
    0x08004db2   0x00000002   PAD
    0x08004db4   0x00000030   Code   RO         3238    i.vQueueUnregisterQueue  queue.o
    0x08004de4   0x00000046   Code   RO         3239    i.vQueueWaitForMessageRestricted  queue.o
    0x08004e2a   0x00000002   PAD
    0x08004e2c   0x0000005c   Code   RO         3426    i.vTaskDelay        tasks.o
    0x08004e88   0x0000000c   Code   RO         3429    i.vTaskMissedYield  tasks.o
    0x08004e94   0x00000038   Code   RO         3431    i.vTaskPlaceOnEventList  tasks.o
    0x08004ecc   0x00000040   Code   RO         3432    i.vTaskPlaceOnEventListRestricted  tasks.o
    0x08004f0c   0x000000b0   Code   RO         3434    i.vTaskPriorityInherit  tasks.o
    0x08004fbc   0x00000030   Code   RO         3437    i.vTaskSetTimeOutState  tasks.o
    0x08004fec   0x000000b8   Code   RO         3438    i.vTaskStartScheduler  tasks.o
    0x080050a4   0x00000010   Code   RO         3440    i.vTaskSuspendAll   tasks.o
    0x080050b4   0x0000008c   Code   RO         3441    i.vTaskSwitchContext  tasks.o
    0x08005140   0x000000ec   Code   RO         4399    i.vgLogCfg          atcmd_customer.o
    0x0800522c   0x00000178   Code   RO         4400    i.vgMcuCtl          atcmd_customer.o
    0x080053a4   0x000000a0   Code   RO         3025    i.xPortStartScheduler  port.o
    0x08005444   0x00000034   Code   RO         3026    i.xPortSysTickHandler  port.o
    0x08005478   0x0000005e   Code   RO         3244    i.xQueueGenericCreate  queue.o
    0x080054d6   0x000000de   Code   RO         3245    i.xQueueGenericCreateStatic  queue.o
    0x080055b4   0x000001c0   Code   RO         3246    i.xQueueGenericReceive  queue.o
    0x08005774   0x00000098   Code   RO         3247    i.xQueueGenericReset  queue.o
    0x0800580c   0x000001a4   Code   RO         3248    i.xQueueGenericSend  queue.o
    0x080059b0   0x000000f8   Code   RO         3249    i.xQueueGenericSendFromISR  queue.o
    0x08005aa8   0x000000e0   Code   RO         3250    i.xQueueGiveFromISR  queue.o
    0x08005b88   0x0000008c   Code   RO         3442    i.xTaskCheckForTimeOut  tasks.o
    0x08005c14   0x00000064   Code   RO         3443    i.xTaskCreate       tasks.o
    0x08005c78   0x00000090   Code   RO         3444    i.xTaskCreateStatic  tasks.o
    0x08005d08   0x00000020   Code   RO         3448    i.xTaskGetSchedulerState  tasks.o
    0x08005d28   0x0000000c   Code   RO         3449    i.xTaskGetTickCount  tasks.o
    0x08005d34   0x00000014   Code   RO         3450    i.xTaskGetTickCountFromISR  tasks.o
    0x08005d48   0x00000148   Code   RO         3451    i.xTaskIncrementTick  tasks.o
    0x08005e90   0x000000c8   Code   RO         3454    i.xTaskPriorityDisinherit  tasks.o
    0x08005f58   0x00000098   Code   RO         3455    i.xTaskRemoveFromEventList  tasks.o
    0x08005ff0   0x00000104   Code   RO         3457    i.xTaskResumeAll    tasks.o
    0x080060f4   0x00000036   Code   RO         3721    i.xTimerCreate      timers.o
    0x0800612a   0x00000002   PAD
    0x0800612c   0x00000078   Code   RO         3723    i.xTimerCreateTimerTask  timers.o
    0x080061a4   0x00000084   Code   RO         3724    i.xTimerGenericCommand  timers.o
    0x08006228   0x00000054   Data   RO          267    .constdata          freertos.o
    0x0800627c   0x00000018   Data   RO         2833    .constdata          system_stm32f1xx.o
    0x08006294   0x00000200   Data   RO         2869    .constdata          crc.o
    0x08006494   0x00000018   Data   RO         4305    .constdata          atcmd.o
    0x080064ac   0x00000110   Data   RO         4445    .constdata          dbg.o
    0x080065bc   0x00000081   Data   RO         4586    .constdata          mc_w.l(ctype_o.o)
    0x0800663d   0x00000003   PAD
    0x08006640   0x00000004   Data   RO         4587    .constdata          mc_w.l(ctype_o.o)
    0x08006644   0x00000020   Data   RO          268    .conststring        freertos.o
    0x08006664   0x00000010   Data   RO         4306    .conststring        atcmd.o
    0x08006674   0x00000026   Data   RO         4446    .conststring        dbg.o
    0x0800669a   0x00000002   PAD
    0x0800669c   0x00000020   Data   RO         4920    Region$$Table       anon$$obj.o


    Execution Region RW_IRAM1 (Base: 0x20000000, Size: 0x00004170, Max: 0x00010000, ABSOLUTE)

    Base Addr    Size         Type   Attr      Idx    E Section Name        Object

    0x20000000   0x0000000c   Data   RW          269    .data               freertos.o
    0x2000000c   0x0000000c   Data   RW         1911    .data               stm32f1xx_hal.o
    0x20000018   0x00000004   Data   RW         2834    .data               system_stm32f1xx.o
    0x2000001c   0x00000006   Data   RW         2905    .data               protocol_uart.o
    0x20000022   0x00000002   PAD
    0x20000024   0x00000008   Data   RW         2968    .data               heap_1.o
    0x2000002c   0x0000000c   Data   RW         3027    .data               port.o
    0x20000038   0x0000003c   Data   RW         3460    .data               tasks.o
    0x20000074   0x00000014   Data   RW         3730    .data               timers.o
    0x20000088   0x00000001   Data   RW         4222    .data               hal_uart.o
    0x20000089   0x00000003   PAD
    0x2000008c   0x00000004   Data   RW         4447    .data               dbg.o
    0x20000090   0x0000003c   Data   RW         4515    .data               dbg_uart.o
    0x200000cc   0x0000003c   Data   RW         4554    .data               generic_uart.o
    0x20000108   0x00000004   Data   RW         4898    .data               mc_w.l(stdout.o)
    0x2000010c   0x00000044   Zero   RW          224    .bss                can.o
    0x20000150   0x000019a4   Zero   RW          266    .bss                freertos.o
    0x20001af4   0x00000040   Zero   RW          324    .bss                tim.o
    0x20001b34   0x00000080   Zero   RW          367    .bss                usart.o
    0x20001bb4   0x00001000   Zero   RW         2967    .bss                heap_1.o
    0x20002bb4   0x00000040   Zero   RW         3255    .bss                queue.o
    0x20002bf4   0x000000c8   Zero   RW         3459    .bss                tasks.o
    0x20002cbc   0x000000e8   Zero   RW         3729    .bss                timers.o
    0x20002da4   0x00000014   Zero   RW         4221    .bss                hal_uart.o
    0x20002db8   0x00000100   Zero   RW         4444    .bss                dbg.o
    0x20002eb8   0x00000240   Zero   RW         4514    .bss                dbg_uart.o
    0x200030f8   0x00000c78   Zero   RW         4553    .bss                generic_uart.o
    0x20003d70   0x00000400   Zero   RW            1    STACK               startup_stm32f105xc.o


==============================================================================

Image component sizes


      Code (inc. data)   RO Data    RW Data    ZI Data      Debug   Object Name

      1008         24         40          0          0       8814   atcmd.o
       612         60          0          0          0       2482   atcmd_customer.o
       200         40          0          0         68       1341   can.o
       158          0          0          0          0      20438   cmsis_os.o
        56          8        512          0          0        966   crc.o
       376         86        310          4        256       4967   dbg.o
        64          8          0         60        576       1369   dbg_uart.o
         0          0          0          0          0      15064   event_groups.o
       154         34        116         12       6564       3173   freertos.o
       304         90          0         60       3192       1655   generic_uart.o
       252         20          0          0          0        855   gpio.o
      1396         70          0          1         20       5859   hal_uart.o
       146         14          0          8       4096      18455   heap_1.o
       148          0          0          0          0       3002   list.o
       208         22          0          0          0     649877   main.o
       762         80          0         12          0      10305   port.o
       938         14          0          6          0       6500   protocol_uart.o
      2406         26          0          0         64      16520   queue.o
        36          8        336          0       1024        732   startup_stm32f105xc.o
       152         32          0         12          0       2813   stm32f1xx_hal.o
       360          0          0          0          0       1263   stm32f1xx_hal_can.o
       340         22          0          0          0      26221   stm32f1xx_hal_cortex.o
       424         10          0          0          0       1079   stm32f1xx_hal_dma.o
       808         32          0          0          0       2448   stm32f1xx_hal_gpio.o
       168         10          0          0          0        806   stm32f1xx_hal_msp.o
      2136        118          0          0          0       5656   stm32f1xx_hal_rcc.o
       600         18          0          0          0       4771   stm32f1xx_hal_tim.o
       102          0          0          0          0       1982   stm32f1xx_hal_tim_ex.o
      1478         10          0          0          0       7464   stm32f1xx_hal_uart.o
        80         18          0          0          0       3691   stm32f1xx_it.o
       100         16         24          4          0        967   system_stm32f1xx.o
      3086        372          0         60        200      23196   tasks.o
       160         34          0          0         64       1242   tim.o
      1326        124          0         20        232      10762   timers.o
       368         74          0          0        128       1815   usart.o

    ----------------------------------------------------------------------
     20948       1494       1372        264      16484     868550   Object Totals
         0          0         32          0          0          0   (incl. Generated)
        36          0          2          5          0          0   (incl. Padding)

    ----------------------------------------------------------------------

      Code (inc. data)   RO Data    RW Data    ZI Data      Debug   Library Member Name

         8          4        133          0          0         68   ctype_o.o
         0          0          0          0          0          0   entry.o
         0          0          0          0          0          0   entry10a.o
         0          0          0          0          0          0   entry11a.o
         8          4          0          0          0          0   entry2.o
         4          0          0          0          0          0   entry5.o
         0          0          0          0          0          0   entry7b.o
         0          0          0          0          0          0   entry8b.o
         8          4          0          0          0          0   entry9a.o
        30          0          0          0          0          0   handlers.o
        36          8          0          0          0         68   init.o
         0          0          0          0          0          0   iusefp.o
        30          0          0          0          0         68   llshl.o
        36          0          0          0          0         68   llsshr.o
        32          0          0          0          0         68   llushr.o
        26          0          0          0          0         80   memcmp.o
        36          0          0          0          0         68   memcpya.o
      2350        100          0          0          0        744   printfa.o
         0          0          0          4          0          0   stdout.o
        14          0          0          0          0         68   strlen.o
        12          0          0          0          0         68   toupper.o
        44          0          0          0          0         80   uidiv.o
        98          0          0          0          0         92   uldiv.o
        40          2          0          0          0         68   cdrcmple.o
       334          0          0          0          0        148   dadd.o
       222          0          0          0          0        100   ddiv.o
       190          0          0          0          0        176   depilogue.o
        48          0          0          0          0         68   dfixul.o
       228          0          0          0          0         96   dmul.o

    ----------------------------------------------------------------------
      3844        122        136          4          0       2196   Library Totals
        10          0          3          0          0          0   (incl. Padding)

    ----------------------------------------------------------------------

      Code (inc. data)   RO Data    RW Data    ZI Data      Debug   Library Name

      2772        120        133          4          0       1540   mc_w.l
      1062          2          0          0          0        656   mf_w.l

    ----------------------------------------------------------------------
      3844        122        136          4          0       2196   Library Totals

    ----------------------------------------------------------------------

==============================================================================


      Code (inc. data)   RO Data    RW Data    ZI Data      Debug   

     24792       1616       1508        268      16484     860190   Grand Totals
     24792       1616       1508        268      16484     860190   ELF Image Totals
     24792       1616       1508        268          0          0   ROM Totals

==============================================================================

    Total RO  Size (Code + RO Data)                26300 (  25.68kB)
    Total RW  Size (RW Data + ZI Data)             16752 (  16.36kB)
    Total ROM Size (Code + RO Data + RW Data)      26568 (  25.95kB)

==============================================================================

